###############################################################################
#
# IAR ELF Linker V9.60.3.422/W64 for ARM                  04/Dec/2025  21:15:58
# Copyright 2007-2024 IAR Systems AB.
#
#    Output file  =
#        G:\AutoProject144\S32k144_MinSystem\WorkSpace_IAR\Debug\Exe\S32K144_MinSystem.out
#    Map file     =
#        G:\AutoProject144\S32k144_MinSystem\WorkSpace_IAR\Debug\List\S32K144_MinSystem.map
#    Command line =
#        -f
#        G:\AutoProject144\S32k144_MinSystem\WorkSpace_IAR\Debug\Exe\S32K144_MinSystem.out.rsp
#        (G:\AutoProject144\S32k144_MinSystem\WorkSpace_IAR\Debug\Obj\BswM_18054334792244351639.dir\BswM.o
#        G:\AutoProject144\S32k144_MinSystem\WorkSpace_IAR\Debug\Obj\Source_7268905024081551510.dir\BswM_Callout_Stubs.o
#        G:\AutoProject144\S32k144_MinSystem\WorkSpace_IAR\Debug\Obj\GenData_9720050636963402634.dir\BswM_Lcfg.o
#        G:\AutoProject144\S32k144_MinSystem\WorkSpace_IAR\Debug\Obj\GenData_9720050636963402634.dir\BswM_PBcfg.o
#        G:\AutoProject144\S32k144_MinSystem\WorkSpace_IAR\Debug\Obj\Det_3101292625016283458.dir\Det.o
#        G:\AutoProject144\S32k144_MinSystem\WorkSpace_IAR\Debug\Obj\GenData_9720050636963402634.dir\Det_Cfg.o
#        G:\AutoProject144\S32k144_MinSystem\WorkSpace_IAR\Debug\Obj\src_3743424485908772084.dir\Dio.o
#        G:\AutoProject144\S32k144_MinSystem\WorkSpace_IAR\Debug\Obj\src_12387991202843669589.dir\Dio_Cfg.o
#        G:\AutoProject144\S32k144_MinSystem\WorkSpace_IAR\Debug\Obj\src_3743424485908772084.dir\Dio_Gpio.o
#        G:\AutoProject144\S32k144_MinSystem\WorkSpace_IAR\Debug\Obj\EcuM_3846539786354632646.dir\EcuM.o
#        G:\AutoProject144\S32k144_MinSystem\WorkSpace_IAR\Debug\Obj\Source_7268905024081551510.dir\EcuM_Callout_Stubs.o
#        G:\AutoProject144\S32k144_MinSystem\WorkSpace_IAR\Debug\Obj\GenData_9720050636963402634.dir\EcuM_Cfg.o
#        G:\AutoProject144\S32k144_MinSystem\WorkSpace_IAR\Debug\Obj\GenData_9720050636963402634.dir\EcuM_Init_Cfg.o
#        G:\AutoProject144\S32k144_MinSystem\WorkSpace_IAR\Debug\Obj\GenData_9720050636963402634.dir\EcuM_Init_PBcfg.o
#        G:\AutoProject144\S32k144_MinSystem\WorkSpace_IAR\Debug\Obj\GenData_9720050636963402634.dir\EcuM_PBcfg.o
#        G:\AutoProject144\S32k144_MinSystem\WorkSpace_IAR\Debug\Obj\App_6831006065544737260.dir\main.o
#        G:\AutoProject144\S32k144_MinSystem\WorkSpace_IAR\Debug\Obj\src_4562483052554666771.dir\Mcu.o
#        G:\AutoProject144\S32k144_MinSystem\WorkSpace_IAR\Debug\Obj\src_12387991202843669589.dir\Mcu_Cfg.o
#        G:\AutoProject144\S32k144_MinSystem\WorkSpace_IAR\Debug\Obj\src_4562483052554666771.dir\Mcu_CMU.o
#        G:\AutoProject144\S32k144_MinSystem\WorkSpace_IAR\Debug\Obj\src_4562483052554666771.dir\Mcu_CMU_Irq.o
#        G:\AutoProject144\S32k144_MinSystem\WorkSpace_IAR\Debug\Obj\src_4562483052554666771.dir\Mcu_CortexM4.o
#        G:\AutoProject144\S32k144_MinSystem\WorkSpace_IAR\Debug\Obj\src_4562483052554666771.dir\Mcu_IPW.o
#        G:\AutoProject144\S32k144_MinSystem\WorkSpace_IAR\Debug\Obj\src_4562483052554666771.dir\Mcu_IPW_Irq.o
#        G:\AutoProject144\S32k144_MinSystem\WorkSpace_IAR\Debug\Obj\src_12387991202843669589.dir\Mcu_PBcfg.o
#        G:\AutoProject144\S32k144_MinSystem\WorkSpace_IAR\Debug\Obj\src_4562483052554666771.dir\Mcu_PCC.o
#        G:\AutoProject144\S32k144_MinSystem\WorkSpace_IAR\Debug\Obj\src_4562483052554666771.dir\Mcu_PMC.o
#        G:\AutoProject144\S32k144_MinSystem\WorkSpace_IAR\Debug\Obj\src_4562483052554666771.dir\Mcu_PMC_Irq.o
#        G:\AutoProject144\S32k144_MinSystem\WorkSpace_IAR\Debug\Obj\src_4562483052554666771.dir\Mcu_RCM.o
#        G:\AutoProject144\S32k144_MinSystem\WorkSpace_IAR\Debug\Obj\src_4562483052554666771.dir\Mcu_SCG.o
#        G:\AutoProject144\S32k144_MinSystem\WorkSpace_IAR\Debug\Obj\src_4562483052554666771.dir\Mcu_SIM.o
#        G:\AutoProject144\S32k144_MinSystem\WorkSpace_IAR\Debug\Obj\src_4562483052554666771.dir\Mcu_SMC.o
#        G:\AutoProject144\S32k144_MinSystem\WorkSpace_IAR\Debug\Obj\Os_4712867488041300409.dir\Os_AccessCheck.o
#        G:\AutoProject144\S32k144_MinSystem\WorkSpace_IAR\Debug\Obj\GenData_9720050636963402634.dir\Os_AccessCheck_Lcfg.o
#        G:\AutoProject144\S32k144_MinSystem\WorkSpace_IAR\Debug\Obj\Os_4712867488041300409.dir\Os_Alarm.o
#        G:\AutoProject144\S32k144_MinSystem\WorkSpace_IAR\Debug\Obj\GenData_9720050636963402634.dir\Os_Alarm_Lcfg.o
#        G:\AutoProject144\S32k144_MinSystem\WorkSpace_IAR\Debug\Obj\Os_4712867488041300409.dir\Os_Application.o
#        G:\AutoProject144\S32k144_MinSystem\WorkSpace_IAR\Debug\Obj\GenData_9720050636963402634.dir\Os_Application_Lcfg.o
#        G:\AutoProject144\S32k144_MinSystem\WorkSpace_IAR\Debug\Obj\Os_4712867488041300409.dir\Os_Barrier.o
#        G:\AutoProject144\S32k144_MinSystem\WorkSpace_IAR\Debug\Obj\GenData_9720050636963402634.dir\Os_Barrier_Lcfg.o
#        G:\AutoProject144\S32k144_MinSystem\WorkSpace_IAR\Debug\Obj\Os_4712867488041300409.dir\Os_Bit.o
#        G:\AutoProject144\S32k144_MinSystem\WorkSpace_IAR\Debug\Obj\Os_4712867488041300409.dir\Os_BitArray.o
#        G:\AutoProject144\S32k144_MinSystem\WorkSpace_IAR\Debug\Obj\Source_7268905024081551510.dir\Os_Callout_Stubs.o
#        G:\AutoProject144\S32k144_MinSystem\WorkSpace_IAR\Debug\Obj\Os_4712867488041300409.dir\Os_Core.o
#        G:\AutoProject144\S32k144_MinSystem\WorkSpace_IAR\Debug\Obj\GenData_9720050636963402634.dir\Os_Core_Lcfg.o
#        G:\AutoProject144\S32k144_MinSystem\WorkSpace_IAR\Debug\Obj\Os_4712867488041300409.dir\Os_Counter.o
#        G:\AutoProject144\S32k144_MinSystem\WorkSpace_IAR\Debug\Obj\GenData_9720050636963402634.dir\Os_Counter_Lcfg.o
#        G:\AutoProject144\S32k144_MinSystem\WorkSpace_IAR\Debug\Obj\Os_4712867488041300409.dir\Os_Deque.o
#        G:\AutoProject144\S32k144_MinSystem\WorkSpace_IAR\Debug\Obj\Os_4712867488041300409.dir\Os_Error.o
#        G:\AutoProject144\S32k144_MinSystem\WorkSpace_IAR\Debug\Obj\GenData_9720050636963402634.dir\Os_Error_Lcfg.o
#        G:\AutoProject144\S32k144_MinSystem\WorkSpace_IAR\Debug\Obj\Os_4712867488041300409.dir\Os_Event.o
#        G:\AutoProject144\S32k144_MinSystem\WorkSpace_IAR\Debug\Obj\Os_4712867488041300409.dir\Os_Fifo.o
#        G:\AutoProject144\S32k144_MinSystem\WorkSpace_IAR\Debug\Obj\Os_4712867488041300409.dir\Os_Fifo08.o
#        G:\AutoProject144\S32k144_MinSystem\WorkSpace_IAR\Debug\Obj\Os_4712867488041300409.dir\Os_Fifo16.o
#        G:\AutoProject144\S32k144_MinSystem\WorkSpace_IAR\Debug\Obj\Os_4712867488041300409.dir\Os_Fifo32.o
#        G:\AutoProject144\S32k144_MinSystem\WorkSpace_IAR\Debug\Obj\Os_4712867488041300409.dir\Os_FifoRef.o
#        G:\AutoProject144\S32k144_MinSystem\WorkSpace_IAR\Debug\Obj\Os_4712867488041300409.dir\Os_Hal_Compiler_Iar.o
#        G:\AutoProject144\S32k144_MinSystem\WorkSpace_IAR\Debug\Obj\GenData_9720050636963402634.dir\Os_Hal_Context_Lcfg.o
#        G:\AutoProject144\S32k144_MinSystem\WorkSpace_IAR\Debug\Obj\Os_4712867488041300409.dir\Os_Hal_Context_v7m.o
#        G:\AutoProject144\S32k144_MinSystem\WorkSpace_IAR\Debug\Obj\Os_4712867488041300409.dir\Os_Hal_ContextAsm.o
#        G:\AutoProject144\S32k144_MinSystem\WorkSpace_IAR\Debug\Obj\Os_4712867488041300409.dir\Os_Hal_Core.o
#        G:\AutoProject144\S32k144_MinSystem\WorkSpace_IAR\Debug\Obj\GenData_9720050636963402634.dir\Os_Hal_Core_Lcfg.o
#        G:\AutoProject144\S32k144_MinSystem\WorkSpace_IAR\Debug\Obj\Os_4712867488041300409.dir\Os_Hal_Entry.o
#        G:\AutoProject144\S32k144_MinSystem\WorkSpace_IAR\Debug\Obj\GenData_9720050636963402634.dir\Os_Hal_Entry_Lcfg.o
#        G:\AutoProject144\S32k144_MinSystem\WorkSpace_IAR\Debug\Obj\GenData_9720050636963402634.dir\Os_Hal_EntryAsm_Lcfg.o
#        G:\AutoProject144\S32k144_MinSystem\WorkSpace_IAR\Debug\Obj\GenData_9720050636963402634.dir\Os_Hal_Interrupt_Lcfg.o
#        G:\AutoProject144\S32k144_MinSystem\WorkSpace_IAR\Debug\Obj\GenData_9720050636963402634.dir\Os_Hal_Kernel_Lcfg.o
#        G:\AutoProject144\S32k144_MinSystem\WorkSpace_IAR\Debug\Obj\GenData_9720050636963402634.dir\Os_Hal_MemoryProtection_Lcfg.o
#        G:\AutoProject144\S32k144_MinSystem\WorkSpace_IAR\Debug\Obj\GenData_9720050636963402634.dir\Os_Hal_Timer_Lcfg.o
#        G:\AutoProject144\S32k144_MinSystem\WorkSpace_IAR\Debug\Obj\Os_4712867488041300409.dir\Os_Hook.o
#        G:\AutoProject144\S32k144_MinSystem\WorkSpace_IAR\Debug\Obj\GenData_9720050636963402634.dir\Os_Hook_Lcfg.o
#        G:\AutoProject144\S32k144_MinSystem\WorkSpace_IAR\Debug\Obj\Os_4712867488041300409.dir\Os_Interrupt.o
#        G:\AutoProject144\S32k144_MinSystem\WorkSpace_IAR\Debug\Obj\Os_4712867488041300409.dir\Os_Ioc.o
#        G:\AutoProject144\S32k144_MinSystem\WorkSpace_IAR\Debug\Obj\GenData_9720050636963402634.dir\Os_Ioc_Lcfg.o
#        G:\AutoProject144\S32k144_MinSystem\WorkSpace_IAR\Debug\Obj\Os_4712867488041300409.dir\Os_Isr.o
#        G:\AutoProject144\S32k144_MinSystem\WorkSpace_IAR\Debug\Obj\GenData_9720050636963402634.dir\Os_Isr_Lcfg.o
#        G:\AutoProject144\S32k144_MinSystem\WorkSpace_IAR\Debug\Obj\Os_4712867488041300409.dir\Os_Job.o
#        G:\AutoProject144\S32k144_MinSystem\WorkSpace_IAR\Debug\Obj\Os_4712867488041300409.dir\Os_Lock.o
#        G:\AutoProject144\S32k144_MinSystem\WorkSpace_IAR\Debug\Obj\Os_4712867488041300409.dir\Os_MemoryProtection.o
#        G:\AutoProject144\S32k144_MinSystem\WorkSpace_IAR\Debug\Obj\GenData_9720050636963402634.dir\Os_MemoryProtection_Lcfg.o
#        G:\AutoProject144\S32k144_MinSystem\WorkSpace_IAR\Debug\Obj\Os_4712867488041300409.dir\Os_Peripheral.o
#        G:\AutoProject144\S32k144_MinSystem\WorkSpace_IAR\Debug\Obj\GenData_9720050636963402634.dir\Os_Peripheral_Lcfg.o
#        G:\AutoProject144\S32k144_MinSystem\WorkSpace_IAR\Debug\Obj\Os_4712867488041300409.dir\Os_PriorityQueue.o
#        G:\AutoProject144\S32k144_MinSystem\WorkSpace_IAR\Debug\Obj\Os_4712867488041300409.dir\Os_Resource.o
#        G:\AutoProject144\S32k144_MinSystem\WorkSpace_IAR\Debug\Obj\GenData_9720050636963402634.dir\Os_Resource_Lcfg.o
#        G:\AutoProject144\S32k144_MinSystem\WorkSpace_IAR\Debug\Obj\Os_4712867488041300409.dir\Os_Scheduler.o
#        G:\AutoProject144\S32k144_MinSystem\WorkSpace_IAR\Debug\Obj\GenData_9720050636963402634.dir\Os_Scheduler_Lcfg.o
#        G:\AutoProject144\S32k144_MinSystem\WorkSpace_IAR\Debug\Obj\Os_4712867488041300409.dir\Os_ScheduleTable.o
#        G:\AutoProject144\S32k144_MinSystem\WorkSpace_IAR\Debug\Obj\GenData_9720050636963402634.dir\Os_ScheduleTable_Lcfg.o
#        G:\AutoProject144\S32k144_MinSystem\WorkSpace_IAR\Debug\Obj\Os_4712867488041300409.dir\Os_ServiceFunction.o
#        G:\AutoProject144\S32k144_MinSystem\WorkSpace_IAR\Debug\Obj\GenData_9720050636963402634.dir\Os_ServiceFunction_Lcfg.o
#        G:\AutoProject144\S32k144_MinSystem\WorkSpace_IAR\Debug\Obj\Os_4712867488041300409.dir\Os_Spinlock.o
#        G:\AutoProject144\S32k144_MinSystem\WorkSpace_IAR\Debug\Obj\GenData_9720050636963402634.dir\Os_Spinlock_Lcfg.o
#        G:\AutoProject144\S32k144_MinSystem\WorkSpace_IAR\Debug\Obj\Os_4712867488041300409.dir\Os_Stack.o
#        G:\AutoProject144\S32k144_MinSystem\WorkSpace_IAR\Debug\Obj\GenData_9720050636963402634.dir\Os_Stack_Lcfg.o
#        G:\AutoProject144\S32k144_MinSystem\WorkSpace_IAR\Debug\Obj\Os_4712867488041300409.dir\Os_Task.o
#        G:\AutoProject144\S32k144_MinSystem\WorkSpace_IAR\Debug\Obj\GenData_9720050636963402634.dir\Os_Task_Lcfg.o
#        G:\AutoProject144\S32k144_MinSystem\WorkSpace_IAR\Debug\Obj\Os_4712867488041300409.dir\Os_Thread.o
#        G:\AutoProject144\S32k144_MinSystem\WorkSpace_IAR\Debug\Obj\Os_4712867488041300409.dir\Os_Timer.o
#        G:\AutoProject144\S32k144_MinSystem\WorkSpace_IAR\Debug\Obj\Os_4712867488041300409.dir\Os_TimingProtection.o
#        G:\AutoProject144\S32k144_MinSystem\WorkSpace_IAR\Debug\Obj\GenData_9720050636963402634.dir\Os_TimingProtection_Lcfg.o
#        G:\AutoProject144\S32k144_MinSystem\WorkSpace_IAR\Debug\Obj\Os_4712867488041300409.dir\Os_Trace.o
#        G:\AutoProject144\S32k144_MinSystem\WorkSpace_IAR\Debug\Obj\GenData_9720050636963402634.dir\Os_Trace_Lcfg.o
#        G:\AutoProject144\S32k144_MinSystem\WorkSpace_IAR\Debug\Obj\Os_4712867488041300409.dir\Os_Trap.o
#        G:\AutoProject144\S32k144_MinSystem\WorkSpace_IAR\Debug\Obj\Os_4712867488041300409.dir\Os_XSignal.o
#        G:\AutoProject144\S32k144_MinSystem\WorkSpace_IAR\Debug\Obj\GenData_9720050636963402634.dir\Os_XSignal_Lcfg.o
#        G:\AutoProject144\S32k144_MinSystem\WorkSpace_IAR\Debug\Obj\src_17033410566162729289.dir\Port.o
#        G:\AutoProject144\S32k144_MinSystem\WorkSpace_IAR\Debug\Obj\src_12387991202843669589.dir\Port_Cfg.o
#        G:\AutoProject144\S32k144_MinSystem\WorkSpace_IAR\Debug\Obj\src_17033410566162729289.dir\Port_Ipw.o
#        G:\AutoProject144\S32k144_MinSystem\WorkSpace_IAR\Debug\Obj\src_12387991202843669589.dir\Port_PBcfg.o
#        G:\AutoProject144\S32k144_MinSystem\WorkSpace_IAR\Debug\Obj\src_17033410566162729289.dir\Port_Port_Ci.o
#        G:\AutoProject144\S32k144_MinSystem\WorkSpace_IAR\Debug\Obj\GenData_9720050636963402634.dir\Rte.o
#        G:\AutoProject144\S32k144_MinSystem\WorkSpace_IAR\Debug\Obj\StartupCode_11030257575987687528.dir\startup.o
#        G:\AutoProject144\S32k144_MinSystem\WorkSpace_IAR\Debug\Obj\StartupCode_11030257575987687528.dir\startup_S32K144.o
#        G:\AutoProject144\S32k144_MinSystem\WorkSpace_IAR\Debug\Obj\StartupCode_11030257575987687528.dir\system_S32K144.o
#        G:\AutoProject144\S32k144_MinSystem\WorkSpace_IAR\Debug\Obj\VStdLib_16698129494685284518.dir\vstdlib.o
#        --no_out_extension -o
#        G:\AutoProject144\S32k144_MinSystem\WorkSpace_IAR\Debug\Exe\S32K144_MinSystem.out
#        --redirect _Printf=_PrintfFullNoMb --redirect _Scanf=_ScanfFullNoMb
#        --map
#        G:\AutoProject144\S32k144_MinSystem\WorkSpace_IAR\Debug\List\S32K144_MinSystem.map
#        --config G:\AutoProject144\S32k144_MinSystem\Link\S32K148Asr.icf
#        --semihosting --entry __iar_program_start --vfe --text_out locale
#        --cpu=Cortex-M4 --fpu=VFPv4_sp) --dependencies=n
#        G:\AutoProject144\S32k144_MinSystem\WorkSpace_IAR\Debug\Exe\S32K144_MinSystem.out.iar_deps
#
###############################################################################

*******************************************************************************
*** RUNTIME MODEL ATTRIBUTES
***

CppFlavor       = *
__CPP_Runtime   = 1
__SystemLibrary = DLib
__dlib_version  = 6


*******************************************************************************
*** HEAP SELECTION
***

The basic heap was selected because --advanced_heap
was not specified and the application did not appear to
be primarily optimized for speed.


*******************************************************************************
*** PLACEMENT SUMMARY
***

"P1":  place in [from 0x400 to 0x40f] { section FlashConfig };
define block OS_EXCVEC_CORE0_CODE_BLOCK
   with alignment = 8 { section .OS_EXCVEC_CORE0_CODE };
define block OS_EXCVEC_CORE0_CODE
   with fixed order {
      section OS_EXCVEC_CORE0_CODE_START_SEC, block OS_EXCVEC_CORE0_CODE_BLOCK,
      section OS_EXCVEC_CORE0_CODE_LIMIT_SEC };
"PROGRAM_FLASH__OS_EXCVEC_CORE0_CODE":
       place in [from 0x500 to 0x8'0000] { block OS_EXCVEC_CORE0_CODE };
define block OS_EXCVEC_CORE0_CONST_BLOCK
   with alignment = 8 { section .OS_EXCVEC_CORE0_CONST };
define block OS_EXCVEC_CORE0_CONST_FAST_BLOCK
   with alignment = 8 { section .OS_EXCVEC_CORE0_CONST_FAST };
define block OS_EXCVEC_CORE0_CONST
   with fixed order {
      section OS_EXCVEC_CORE0_CONST_START_SEC,
      block OS_EXCVEC_CORE0_CONST_BLOCK,
      block OS_EXCVEC_CORE0_CONST_FAST_BLOCK,
      section OS_EXCVEC_CORE0_CONST_LIMIT_SEC };
"VECTORS__OS_EXCVEC_CORE0_CONST":
       place in [from 0x0 to 0x3ff] { block OS_EXCVEC_CORE0_CONST };
define block OS_INTVEC_CODE_BLOCK
   with alignment = 128 { section .OS_INTVEC_CODE };
define block OS_INTVEC_CODE
   with fixed order, alignment = 128 {
      section OS_INTVEC_CODE_START_SEC, block OS_INTVEC_CODE_BLOCK,
      section OS_INTVEC_CODE_LIMIT_SEC };
"PROGRAM_FLASH__OS_INTVEC_CODE":
       place in [from 0x500 to 0x8'0000] { block OS_INTVEC_CODE };
define block OS_INTVEC_CORE0_CODE_BLOCK
   with alignment = 128 { section .OS_INTVEC_CORE0_CODE };
define block OS_INTVEC_CORE0_CODE
   with fixed order, alignment = 128 {
      section OS_INTVEC_CORE0_CODE_START_SEC, block OS_INTVEC_CORE0_CODE_BLOCK,
      section OS_INTVEC_CORE0_CODE_LIMIT_SEC };
"PROGRAM_FLASH__OS_INTVEC_CORE0_CODE":
       place in [from 0x500 to 0x8'0000] { block OS_INTVEC_CORE0_CODE };
define block OS_INTVEC_CORE0_CONST_BLOCK
   with alignment = 128 { section .OS_INTVEC_CORE0_CONST };
define block OS_INTVEC_CORE0_CONST_FAST_BLOCK
   with alignment = 128 { section .OS_INTVEC_CORE0_CONST_FAST };
define block OS_INTVEC_CORE0_CONST
   with fixed order, alignment = 128 {
      section OS_INTVEC_CORE0_CONST_START_SEC,
      block OS_INTVEC_CORE0_CONST_BLOCK,
      block OS_INTVEC_CORE0_CONST_FAST_BLOCK,
      section OS_INTVEC_CORE0_CONST_LIMIT_SEC };
"VECTORS__OS_INTVEC_CORE0_CONST":
       place in [from 0x0 to 0x3ff] { block OS_INTVEC_CORE0_CONST };
define block OS_STACK_DEFAULT_APPL_TASK_VAR_NOINIT_BLOCK
   with alignment = 32 { section .OS_STACK_DEFAULT_APPL_TASK_VAR_NOINIT };
define block OS_STACK_DEFAULT_BSW_ASYNC_TASK_VAR_NOINIT_BLOCK
   with alignment = 32 { section .OS_STACK_DEFAULT_BSW_ASYNC_TASK_VAR_NOINIT };
define block OS_STACK_OSCORE0_ERROR_VAR_NOINIT_BLOCK
   with alignment = 32 { section .OS_STACK_OSCORE0_ERROR_VAR_NOINIT };
define block OS_STACK_OSCORE0_INIT_VAR_NOINIT_BLOCK
   with alignment = 32 { section .OS_STACK_OSCORE0_INIT_VAR_NOINIT };
define block OS_STACK_OSCORE0_ISR_CORE_VAR_NOINIT_BLOCK
   with alignment = 32 { section .OS_STACK_OSCORE0_ISR_CORE_VAR_NOINIT };
define block OS_STACK_OSCORE0_KERNEL_VAR_NOINIT_BLOCK
   with alignment = 32 { section .OS_STACK_OSCORE0_KERNEL_VAR_NOINIT };
define block OS_STACK_OSCORE0_PROTECTION_VAR_NOINIT_BLOCK
   with alignment = 32 { section .OS_STACK_OSCORE0_PROTECTION_VAR_NOINIT };
define block OS_STACK_OSCORE0_TASK_PRIO10_VAR_NOINIT_BLOCK
   with alignment = 32 { section .OS_STACK_OSCORE0_TASK_PRIO10_VAR_NOINIT };
define block OS_STACK_OSCORE0_TASK_PRIO30_VAR_NOINIT_BLOCK
   with alignment = 32 { section .OS_STACK_OSCORE0_TASK_PRIO30_VAR_NOINIT };
define block OS_STACK_OSCORE0_TASK_PRIO40_VAR_NOINIT_BLOCK
   with alignment = 32 { section .OS_STACK_OSCORE0_TASK_PRIO40_VAR_NOINIT };
define block OS_STACK_OSCORE0_TASK_PRIO4294967295_VAR_NOINIT_BLOCK
   with alignment = 32 {
      section .OS_STACK_OSCORE0_TASK_PRIO4294967295_VAR_NOINIT };
define block OS_STACK_OSCORE0_TASK_PRIO45_VAR_NOINIT_BLOCK
   with alignment = 32 { section .OS_STACK_OSCORE0_TASK_PRIO45_VAR_NOINIT };
define block OS_STACK_OSCORE0_TASK_PRIO5_VAR_NOINIT_BLOCK
   with alignment = 32 { section .OS_STACK_OSCORE0_TASK_PRIO5_VAR_NOINIT };
define block OS_STACK_OSCORE0_TASK_PRIO50_VAR_NOINIT_BLOCK
   with alignment = 32 { section .OS_STACK_OSCORE0_TASK_PRIO50_VAR_NOINIT };
define block OS_STACK_OSCORE0_TASK_PRIO100_VAR_NOINIT_BLOCK
   with alignment = 32 { section .OS_STACK_OSCORE0_TASK_PRIO100_VAR_NOINIT };
define block OS_STACK_OSCORE0_TASK_PRIO0_VAR_NOINIT_BLOCK
   with alignment = 32 { section .OS_STACK_OSCORE0_TASK_PRIO0_VAR_NOINIT };
define block OS_STACK_OSCORE0_TASK_PRIO20_VAR_NOINIT_BLOCK
   with alignment = 32 { section .OS_STACK_OSCORE0_TASK_PRIO20_VAR_NOINIT };
define block OS_STACK_OSTASK_BSW_VAR_NOINIT_BLOCK
   with alignment = 32 { section .OS_STACK_OSTASK_BSW_VAR_NOINIT };
define block OS_STACKS_CORE0_NOINIT
   with fixed order, alignment = 4 {
      section OS_STACKS_CORE0_NOINIT_START_SEC,
      block OS_STACK_DEFAULT_APPL_TASK_VAR_NOINIT_BLOCK,
      block OS_STACK_DEFAULT_BSW_ASYNC_TASK_VAR_NOINIT_BLOCK,
      block OS_STACK_OSCORE0_ERROR_VAR_NOINIT_BLOCK,
      block OS_STACK_OSCORE0_INIT_VAR_NOINIT_BLOCK,
      block OS_STACK_OSCORE0_ISR_CORE_VAR_NOINIT_BLOCK,
      block OS_STACK_OSCORE0_KERNEL_VAR_NOINIT_BLOCK,
      block OS_STACK_OSCORE0_PROTECTION_VAR_NOINIT_BLOCK,
      block OS_STACK_OSCORE0_TASK_PRIO10_VAR_NOINIT_BLOCK,
      block OS_STACK_OSCORE0_TASK_PRIO30_VAR_NOINIT_BLOCK,
      block OS_STACK_OSCORE0_TASK_PRIO40_VAR_NOINIT_BLOCK,
      block OS_STACK_OSCORE0_TASK_PRIO4294967295_VAR_NOINIT_BLOCK,
      block OS_STACK_OSCORE0_TASK_PRIO45_VAR_NOINIT_BLOCK,
      block OS_STACK_OSCORE0_TASK_PRIO5_VAR_NOINIT_BLOCK,
      block OS_STACK_OSCORE0_TASK_PRIO50_VAR_NOINIT_BLOCK,
      block OS_STACK_OSCORE0_TASK_PRIO100_VAR_NOINIT_BLOCK,
      block OS_STACK_OSCORE0_TASK_PRIO0_VAR_NOINIT_BLOCK,
      block OS_STACK_OSCORE0_TASK_PRIO20_VAR_NOINIT_BLOCK,
      block OS_STACK_OSTASK_BSW_VAR_NOINIT_BLOCK,
      section OS_STACKS_CORE0_NOINIT_LIMIT_SEC };
"INTERNAL_RAM__OS_STACKS_CORE0_NOINIT":
       place in [from 0x1fff'8000 to 0x2000'0000] {
          block OS_STACKS_CORE0_NOINIT };
define block OS_SystemApplication_OsCore0_VAR_FAST_NOCACHE_NOINIT_BLOCK
   with alignment = 8 {
      section .OS_SystemApplication_OsCore0_VAR_FAST_NOCACHE_NOINIT };
define block OS_SystemApplication_OsCore0_VAR_FAST_NOINIT_BLOCK
   with alignment = 8 { section .OS_SystemApplication_OsCore0_VAR_FAST_NOINIT };
define block OS_SystemApplication_OsCore0_VAR_NOCACHE_NOINIT_BLOCK
   with alignment = 8 {
      section .OS_SystemApplication_OsCore0_VAR_NOCACHE_NOINIT };
define block OS_SystemApplication_OsCore0_VAR_NOINIT_BLOCK
   with alignment = 8 { section .OS_SystemApplication_OsCore0_VAR_NOINIT };
define block OS_SystemApplication_OsCore0_NOINIT
   with fixed order, alignment = 4 {
      section OS_SystemApplication_OsCore0_NOINIT_START_SEC,
      block OS_SystemApplication_OsCore0_VAR_FAST_NOCACHE_NOINIT_BLOCK,
      block OS_SystemApplication_OsCore0_VAR_FAST_NOINIT_BLOCK,
      block OS_SystemApplication_OsCore0_VAR_NOCACHE_NOINIT_BLOCK,
      block OS_SystemApplication_OsCore0_VAR_NOINIT_BLOCK,
      section OS_SystemApplication_OsCore0_NOINIT_LIMIT_SEC };
"INTERNAL_RAM__OS_SystemApplication_OsCore0_NOINIT":
       place in [from 0x1fff'8000 to 0x2000'0000] {
          block OS_SystemApplication_OsCore0_NOINIT };
define block Startup_Code_Core0 with alignment = 8 { section .brsStartup };
define block Startup_Code
   with fixed order, alignment = 4 {
      section Startup_Code_START_SEC, block Startup_Code_Core0,
      section Startup_Code_LIMIT_SEC };
"PROGRAM_FLASH__Startup_Code":
       place in [from 0x500 to 0x8'0000] { block Startup_Code };
define block CSTACK with size = 2K, alignment = 8 { };
define block Startup_Stack
   with fixed order, alignment = 4 {
      section Startup_Stack_START_SEC, block CSTACK,
      section Startup_Stack_LIMIT_SEC };
"INTERNAL_RAM__Startup_Stack":
       place in [from 0x1fff'8000 to 0x2000'0000] { block Startup_Stack };
define block DEFAULT_CODE_BLOCK with alignment = 8 { section .text };
define block OS_Default_Init_Task_CODE_BLOCK
   with alignment = 8 { section .OS_Default_Init_Task_CODE };
define block OS_ERRORHOOK_CODE_BLOCK
   with alignment = 8 { section .OS_ERRORHOOK_CODE };
define block Code_Default
   with fixed order, alignment = 4 {
      section Code_Default_START_SEC, block DEFAULT_CODE_BLOCK,
      block OS_Default_Init_Task_CODE_BLOCK, block OS_ERRORHOOK_CODE_BLOCK,
      section Code_Default_LIMIT_SEC };
"PROGRAM_FLASH__Code_Default":
       place in [from 0x500 to 0x8'0000] { block Code_Default };
define block OS_Adc_Adc12bsarv2_EndGroupConvUnit0_CODE_BLOCK
   with alignment = 8 { section .OS_Adc_Adc12bsarv2_EndGroupConvUnit0_CODE };
define block OS_Adc_Adc12bsarv2_EndGroupConvUnit1_CODE_BLOCK
   with alignment = 8 { section .OS_Adc_Adc12bsarv2_EndGroupConvUnit1_CODE };
define block OS_Application_10ms_Task_CODE_BLOCK
   with alignment = 8 { section .OS_Application_10ms_Task_CODE };
define block OS_Application_2ms_Task_CODE_BLOCK
   with alignment = 8 { section .OS_Application_2ms_Task_CODE };
define block OS_Application_500ms_Task_CODE_BLOCK
   with alignment = 8 { section .OS_Application_500ms_Task_CODE };
define block OS_CODE_BLOCK with alignment = 8 { section .OS_CODE };
define block OS_CanBusOffIsr_0_CODE_BLOCK
   with alignment = 8 { section .OS_CanBusOffIsr_0_CODE };
define block OS_CanMailboxIsr_0_CODE_BLOCK
   with alignment = 8 { section .OS_CanMailboxIsr_0_CODE };
define block OS_Default_BSW_10ms_Task_CODE_BLOCK
   with alignment = 8 { section .OS_Default_BSW_10ms_Task_CODE };
define block OS_Default_BSW_20ms_Task_CODE_BLOCK
   with alignment = 8 { section .OS_Default_BSW_20ms_Task_CODE };
define block OS_Default_BSW_5ms_Task_CODE_BLOCK
   with alignment = 8 { section .OS_Default_BSW_5ms_Task_CODE };
define block OS_Default_BSW_ServiceDispatcher_CODE_BLOCK
   with alignment = 8 { section .OS_Default_BSW_ServiceDispatcher_CODE };
define block OS_FTM_0_CH_0_CH_1_ISR_CODE_BLOCK
   with alignment = 8 { section .OS_FTM_0_CH_0_CH_1_ISR_CODE };
define block OS_FTM_0_CH_2_CH_3_ISR_CODE_BLOCK
   with alignment = 8 { section .OS_FTM_0_CH_2_CH_3_ISR_CODE };
define block OS_ICU_PORT_CI_A_EXT_IRQ_ISR_CODE_BLOCK
   with alignment = 8 { section .OS_ICU_PORT_CI_A_EXT_IRQ_ISR_CODE };
define block OS_ICU_PORT_CI_B_EXT_IRQ_ISR_CODE_BLOCK
   with alignment = 8 { section .OS_ICU_PORT_CI_B_EXT_IRQ_ISR_CODE };
define block OS_OS_COREINITHOOK_CODE_BLOCK
   with alignment = 8 { section .OS_OS_COREINITHOOK_CODE };
define block OS_StartApplication_Appl_Init_Task_CODE_BLOCK
   with alignment = 8 { section .OS_StartApplication_Appl_Init_Task_CODE };
define block OS_StartApplication_NVM_Task_CODE_BLOCK
   with alignment = 8 { section .OS_StartApplication_NVM_Task_CODE };
define block OS_CODE
   with fixed order, alignment = 4 {
      section OS_CODE_START_SEC,
      block OS_Adc_Adc12bsarv2_EndGroupConvUnit0_CODE_BLOCK,
      block OS_Adc_Adc12bsarv2_EndGroupConvUnit1_CODE_BLOCK,
      block OS_Application_10ms_Task_CODE_BLOCK,
      block OS_Application_2ms_Task_CODE_BLOCK,
      block OS_Application_500ms_Task_CODE_BLOCK, block OS_CODE_BLOCK,
      block OS_CanBusOffIsr_0_CODE_BLOCK, block OS_CanMailboxIsr_0_CODE_BLOCK,
      block OS_Default_BSW_10ms_Task_CODE_BLOCK,
      block OS_Default_BSW_20ms_Task_CODE_BLOCK,
      block OS_Default_BSW_5ms_Task_CODE_BLOCK,
      block OS_Default_BSW_ServiceDispatcher_CODE_BLOCK,
      block OS_FTM_0_CH_0_CH_1_ISR_CODE_BLOCK,
      block OS_FTM_0_CH_2_CH_3_ISR_CODE_BLOCK,
      block OS_ICU_PORT_CI_A_EXT_IRQ_ISR_CODE_BLOCK,
      block OS_ICU_PORT_CI_B_EXT_IRQ_ISR_CODE_BLOCK,
      block OS_OS_COREINITHOOK_CODE_BLOCK,
      block OS_StartApplication_Appl_Init_Task_CODE_BLOCK,
      block OS_StartApplication_NVM_Task_CODE_BLOCK, section OS_CODE_LIMIT_SEC,
      section .mcal_text };
"PROGRAM_FLASH__OS_CODE":
       place in [from 0x500 to 0x8'0000] { block OS_CODE };
define block OS_CONST_BLOCK with alignment = 8 { section .OS_CONST };
define block OS_CONST_FAST_BLOCK with alignment = 8 { section .OS_CONST_FAST };
define block OS_CORE0_CONST_BLOCK
   with alignment = 8 { section .OS_CORE0_CONST };
define block OS_CORE0_CONST_FAST_BLOCK
   with alignment = 8 { section .OS_CORE0_CONST_FAST };
define block OS_GLOBALSHARED_CONST_BLOCK
   with alignment = 8 { section .OS_GLOBALSHARED_CONST };
define block OS_GLOBALSHARED_CONST_FAST_BLOCK
   with alignment = 8 { section .OS_GLOBALSHARED_CONST_FAST };
define block OS_INTVEC_CONST_BLOCK
   with alignment = 8 { section .OS_INTVEC_CONST };
define block OS_INTVEC_CONST_FAST_BLOCK
   with alignment = 8 { section .OS_INTVEC_CONST_FAST };
define block OS_SystemApplication_OsCore0_CONST_BLOCK
   with alignment = 8 { section .OS_SystemApplication_OsCore0_CONST };
define block OS_SystemApplication_OsCore0_CONST_FAST_BLOCK
   with alignment = 8 { section .OS_SystemApplication_OsCore0_CONST_FAST };
define block OS_CONST
   with fixed order, alignment = 4 {
      section OS_CONST_START_SEC, block OS_CONST_BLOCK,
      block OS_CONST_FAST_BLOCK, block OS_CORE0_CONST_BLOCK,
      block OS_CORE0_CONST_FAST_BLOCK, block OS_GLOBALSHARED_CONST_BLOCK,
      block OS_GLOBALSHARED_CONST_FAST_BLOCK, block OS_INTVEC_CONST_BLOCK,
      block OS_INTVEC_CONST_FAST_BLOCK,
      block OS_SystemApplication_OsCore0_CONST_BLOCK,
      block OS_SystemApplication_OsCore0_CONST_FAST_BLOCK,
      section OS_CONST_LIMIT_SEC, section .mcal_const,
      section .mcal_const_cfg };
"PROGRAM_FLASH__OS_CONST":
       place in [from 0x500 to 0x8'0000] { block OS_CONST };
define block OS_CORE0_VAR_FAST_NOCACHE_NOINIT_BLOCK
   with alignment = 8 { section .OS_CORE0_VAR_FAST_NOCACHE_NOINIT };
define block OS_CORE0_VAR_FAST_NOINIT_BLOCK
   with alignment = 8 { section .OS_CORE0_VAR_FAST_NOINIT };
define block OS_CORE0_VAR_NOCACHE_NOINIT_BLOCK
   with alignment = 8 { section .OS_CORE0_VAR_NOCACHE_NOINIT };
define block OS_CORE0_VAR_NOINIT_BLOCK
   with alignment = 8 { section .OS_CORE0_VAR_NOINIT };
define block OS_DATA_CORE0_NOINIT
   with fixed order, alignment = 4 {
      section OS_DATA_CORE0_NOINIT_START_SEC,
      block OS_CORE0_VAR_FAST_NOCACHE_NOINIT_BLOCK,
      block OS_CORE0_VAR_FAST_NOINIT_BLOCK,
      block OS_CORE0_VAR_NOCACHE_NOINIT_BLOCK, block OS_CORE0_VAR_NOINIT_BLOCK,
      section OS_DATA_CORE0_NOINIT_LIMIT_SEC };
"INTERNAL_RAM__OS_DATA_CORE0_NOINIT":
       place in [from 0x1fff'8000 to 0x2000'0000] {
          block OS_DATA_CORE0_NOINIT };
define block OS_BARRIER_CORE0_VAR_FAST_NOCACHE_NOINIT_BLOCK
   with alignment = 8 { section .OS_BARRIER_CORE0_VAR_FAST_NOCACHE_NOINIT };
define block OS_BARRIER_CORE0_VAR_FAST_NOINIT_BLOCK
   with alignment = 8 { section .OS_BARRIER_CORE0_VAR_FAST_NOINIT };
define block OS_BARRIER_CORE0_VAR_NOCACHE_NOINIT_BLOCK
   with alignment = 8 { section .OS_BARRIER_CORE0_VAR_NOCACHE_NOINIT };
define block OS_BARRIER_CORE0_VAR_NOINIT_BLOCK
   with alignment = 8 { section .OS_BARRIER_CORE0_VAR_NOINIT };
define block OS_CORESTATUS_CORE0_VAR_FAST_NOCACHE_NOINIT_BLOCK
   with alignment = 8 { section .OS_CORESTATUS_CORE0_VAR_FAST_NOCACHE_NOINIT };
define block OS_CORESTATUS_CORE0_VAR_FAST_NOINIT_BLOCK
   with alignment = 8 { section .OS_CORESTATUS_CORE0_VAR_FAST_NOINIT };
define block OS_CORESTATUS_CORE0_VAR_NOCACHE_NOINIT_BLOCK
   with alignment = 8 { section .OS_CORESTATUS_CORE0_VAR_NOCACHE_NOINIT };
define block OS_CORESTATUS_CORE0_VAR_NOINIT_BLOCK
   with alignment = 8 { section .OS_CORESTATUS_CORE0_VAR_NOINIT };
define block OS_GLOBALSHARED_VAR_FAST_NOCACHE_NOINIT_BLOCK
   with alignment = 8 { section .OS_GLOBALSHARED_VAR_FAST_NOCACHE_NOINIT };
define block OS_GLOBALSHARED_VAR_FAST_NOINIT_BLOCK
   with alignment = 8 { section .OS_GLOBALSHARED_VAR_FAST_NOINIT };
define block OS_GLOBALSHARED_VAR_NOCACHE_NOINIT_BLOCK
   with alignment = 8 { section .OS_GLOBALSHARED_VAR_NOCACHE_NOINIT };
define block OS_GLOBALSHARED_VAR_NOINIT_BLOCK
   with alignment = 8 { section .OS_GLOBALSHARED_VAR_NOINIT };
define block OS_PUBLIC_CORE0_VAR_FAST_NOCACHE_NOINIT_BLOCK
   with alignment = 8 { section .OS_PUBLIC_CORE0_VAR_FAST_NOCACHE_NOINIT };
define block OS_PUBLIC_CORE0_VAR_FAST_NOINIT_BLOCK
   with alignment = 8 { section .OS_PUBLIC_CORE0_VAR_FAST_NOINIT };
define block OS_PUBLIC_CORE0_VAR_NOCACHE_NOINIT_BLOCK
   with alignment = 8 { section .OS_PUBLIC_CORE0_VAR_NOCACHE_NOINIT };
define block OS_PUBLIC_CORE0_VAR_NOINIT_BLOCK
   with alignment = 8 { section .OS_PUBLIC_CORE0_VAR_NOINIT };
define block OS_VAR_FAST_NOCACHE_NOINIT_BLOCK
   with alignment = 8 { section .OS_VAR_FAST_NOCACHE_NOINIT };
define block OS_VAR_FAST_NOINIT_BLOCK
   with alignment = 8 { section .OS_VAR_FAST_NOINIT };
define block OS_VAR_NOCACHE_NOINIT_BLOCK
   with alignment = 8 { section .OS_VAR_NOCACHE_NOINIT };
define block OS_VAR_NOINIT_BLOCK with alignment = 8 { section .OS_VAR_NOINIT };
define block OS_DATA_SHARED_NOINIT
   with fixed order, alignment = 4 {
      section OS_DATA_SHARED_NOINIT_START_SEC,
      block OS_BARRIER_CORE0_VAR_FAST_NOCACHE_NOINIT_BLOCK,
      block OS_BARRIER_CORE0_VAR_FAST_NOINIT_BLOCK,
      block OS_BARRIER_CORE0_VAR_NOCACHE_NOINIT_BLOCK,
      block OS_BARRIER_CORE0_VAR_NOINIT_BLOCK,
      block OS_CORESTATUS_CORE0_VAR_FAST_NOCACHE_NOINIT_BLOCK,
      block OS_CORESTATUS_CORE0_VAR_FAST_NOINIT_BLOCK,
      block OS_CORESTATUS_CORE0_VAR_NOCACHE_NOINIT_BLOCK,
      block OS_CORESTATUS_CORE0_VAR_NOINIT_BLOCK,
      block OS_GLOBALSHARED_VAR_FAST_NOCACHE_NOINIT_BLOCK,
      block OS_GLOBALSHARED_VAR_FAST_NOINIT_BLOCK,
      block OS_GLOBALSHARED_VAR_NOCACHE_NOINIT_BLOCK,
      block OS_GLOBALSHARED_VAR_NOINIT_BLOCK,
      block OS_PUBLIC_CORE0_VAR_FAST_NOCACHE_NOINIT_BLOCK,
      block OS_PUBLIC_CORE0_VAR_FAST_NOINIT_BLOCK,
      block OS_PUBLIC_CORE0_VAR_NOCACHE_NOINIT_BLOCK,
      block OS_PUBLIC_CORE0_VAR_NOINIT_BLOCK,
      block OS_VAR_FAST_NOCACHE_NOINIT_BLOCK, block OS_VAR_FAST_NOINIT_BLOCK,
      block OS_VAR_NOCACHE_NOINIT_BLOCK, block OS_VAR_NOINIT_BLOCK,
      section OS_DATA_SHARED_NOINIT_LIMIT_SEC };
"INTERNAL_RAM__OS_DATA_SHARED_NOINIT":
       place in [from 0x1fff'8000 to 0x2000'0000] {
          block OS_DATA_SHARED_NOINIT };
define block OS_BARRIER_CORE0_VAR_BLOCK
   with alignment = 8 { section .OS_BARRIER_CORE0_VAR };
define block OS_BARRIER_CORE0_VAR_FAST_BLOCK
   with alignment = 8 { section .OS_BARRIER_CORE0_VAR_FAST };
define block OS_BARRIER_CORE0_VAR_FAST_NOCACHE_BLOCK
   with alignment = 8 { section .OS_BARRIER_CORE0_VAR_FAST_NOCACHE };
define block OS_BARRIER_CORE0_VAR_NOCACHE_BLOCK
   with alignment = 8 { section .OS_BARRIER_CORE0_VAR_NOCACHE };
define block OS_CORESTATUS_CORE0_VAR_BLOCK
   with alignment = 8 { section .OS_CORESTATUS_CORE0_VAR };
define block OS_CORESTATUS_CORE0_VAR_FAST_BLOCK
   with alignment = 8 { section .OS_CORESTATUS_CORE0_VAR_FAST };
define block OS_CORESTATUS_CORE0_VAR_FAST_NOCACHE_BLOCK
   with alignment = 8 { section .OS_CORESTATUS_CORE0_VAR_FAST_NOCACHE };
define block OS_CORESTATUS_CORE0_VAR_NOCACHE_BLOCK
   with alignment = 8 { section .OS_CORESTATUS_CORE0_VAR_NOCACHE };
define block OS_GLOBALSHARED_VAR_BLOCK
   with alignment = 8 { section .OS_GLOBALSHARED_VAR };
define block OS_GLOBALSHARED_VAR_FAST_BLOCK
   with alignment = 8 { section .OS_GLOBALSHARED_VAR_FAST };
define block OS_GLOBALSHARED_VAR_FAST_NOCACHE_BLOCK
   with alignment = 8 { section .OS_GLOBALSHARED_VAR_FAST_NOCACHE };
define block OS_GLOBALSHARED_VAR_NOCACHE_BLOCK
   with alignment = 8 { section .OS_GLOBALSHARED_VAR_NOCACHE };
define block OS_PUBLIC_CORE0_VAR_BLOCK
   with alignment = 8 { section .OS_PUBLIC_CORE0_VAR };
define block OS_PUBLIC_CORE0_VAR_FAST_BLOCK
   with alignment = 8 { section .OS_PUBLIC_CORE0_VAR_FAST };
define block OS_PUBLIC_CORE0_VAR_FAST_NOCACHE_BLOCK
   with alignment = 8 { section .OS_PUBLIC_CORE0_VAR_FAST_NOCACHE };
define block OS_PUBLIC_CORE0_VAR_NOCACHE_BLOCK
   with alignment = 8 { section .OS_PUBLIC_CORE0_VAR_NOCACHE };
define block OS_VAR_BLOCK with alignment = 8 { section .OS_VAR };
define block OS_VAR_FAST_BLOCK with alignment = 8 { section .OS_VAR_FAST };
define block OS_VAR_FAST_NOCACHE_BLOCK
   with alignment = 8 { section .OS_VAR_FAST_NOCACHE };
define block OS_VAR_NOCACHE_BLOCK
   with alignment = 8 { section .OS_VAR_NOCACHE };
define block OS_DATA_SHARED_INIT
   with fixed order, alignment = 4 {
      section OS_DATA_SHARED_INIT_START_SEC, block OS_BARRIER_CORE0_VAR_BLOCK,
      block OS_BARRIER_CORE0_VAR_FAST_BLOCK,
      block OS_BARRIER_CORE0_VAR_FAST_NOCACHE_BLOCK,
      block OS_BARRIER_CORE0_VAR_NOCACHE_BLOCK,
      block OS_CORESTATUS_CORE0_VAR_BLOCK,
      block OS_CORESTATUS_CORE0_VAR_FAST_BLOCK,
      block OS_CORESTATUS_CORE0_VAR_FAST_NOCACHE_BLOCK,
      block OS_CORESTATUS_CORE0_VAR_NOCACHE_BLOCK,
      block OS_GLOBALSHARED_VAR_BLOCK, block OS_GLOBALSHARED_VAR_FAST_BLOCK,
      block OS_GLOBALSHARED_VAR_FAST_NOCACHE_BLOCK,
      block OS_GLOBALSHARED_VAR_NOCACHE_BLOCK, block OS_PUBLIC_CORE0_VAR_BLOCK,
      block OS_PUBLIC_CORE0_VAR_FAST_BLOCK,
      block OS_PUBLIC_CORE0_VAR_FAST_NOCACHE_BLOCK,
      block OS_PUBLIC_CORE0_VAR_NOCACHE_BLOCK, block OS_VAR_BLOCK,
      block OS_VAR_FAST_BLOCK, block OS_VAR_FAST_NOCACHE_BLOCK,
      block OS_VAR_NOCACHE_BLOCK, section OS_DATA_SHARED_INIT_LIMIT_SEC };
"INTERNAL_RAM__OS_DATA_SHARED_INIT":
       place in [from 0x1fff'8000 to 0x2000'0000] { block OS_DATA_SHARED_INIT };
define block OS_BARRIER_CORE0_VAR_FAST_NOCACHE_ZERO_INIT_BLOCK
   with alignment = 8 { section .OS_BARRIER_CORE0_VAR_FAST_NOCACHE_ZERO_INIT };
define block OS_BARRIER_CORE0_VAR_FAST_ZERO_INIT_BLOCK
   with alignment = 8 { section .OS_BARRIER_CORE0_VAR_FAST_ZERO_INIT };
define block OS_BARRIER_CORE0_VAR_NOCACHE_ZERO_INIT_BLOCK
   with alignment = 8 { section .OS_BARRIER_CORE0_VAR_NOCACHE_ZERO_INIT };
define block OS_BARRIER_CORE0_VAR_ZERO_INIT_BLOCK
   with alignment = 8 { section .OS_BARRIER_CORE0_VAR_ZERO_INIT };
define block OS_CORESTATUS_CORE0_VAR_FAST_NOCACHE_ZERO_INIT_BLOCK
   with alignment = 8 {
      section .OS_CORESTATUS_CORE0_VAR_FAST_NOCACHE_ZERO_INIT };
define block OS_CORESTATUS_CORE0_VAR_FAST_ZERO_INIT_BLOCK
   with alignment = 8 { section .OS_CORESTATUS_CORE0_VAR_FAST_ZERO_INIT };
define block OS_CORESTATUS_CORE0_VAR_NOCACHE_ZERO_INIT_BLOCK
   with alignment = 8 { section .OS_CORESTATUS_CORE0_VAR_NOCACHE_ZERO_INIT };
define block OS_CORESTATUS_CORE0_VAR_ZERO_INIT_BLOCK
   with alignment = 8 { section .OS_CORESTATUS_CORE0_VAR_ZERO_INIT };
define block OS_GLOBALSHARED_VAR_FAST_NOCACHE_ZERO_INIT_BLOCK
   with alignment = 8 { section .OS_GLOBALSHARED_VAR_FAST_NOCACHE_ZERO_INIT };
define block OS_GLOBALSHARED_VAR_FAST_ZERO_INIT_BLOCK
   with alignment = 8 { section .OS_GLOBALSHARED_VAR_FAST_ZERO_INIT };
define block OS_GLOBALSHARED_VAR_NOCACHE_ZERO_INIT_BLOCK
   with alignment = 8 { section .OS_GLOBALSHARED_VAR_NOCACHE_ZERO_INIT };
define block OS_GLOBALSHARED_VAR_ZERO_INIT_BLOCK
   with alignment = 8 { section .OS_GLOBALSHARED_VAR_ZERO_INIT };
define block OS_PUBLIC_CORE0_VAR_FAST_NOCACHE_ZERO_INIT_BLOCK
   with alignment = 8 { section .OS_PUBLIC_CORE0_VAR_FAST_NOCACHE_ZERO_INIT };
define block OS_PUBLIC_CORE0_VAR_FAST_ZERO_INIT_BLOCK
   with alignment = 8 { section .OS_PUBLIC_CORE0_VAR_FAST_ZERO_INIT };
define block OS_PUBLIC_CORE0_VAR_NOCACHE_ZERO_INIT_BLOCK
   with alignment = 8 { section .OS_PUBLIC_CORE0_VAR_NOCACHE_ZERO_INIT };
define block OS_PUBLIC_CORE0_VAR_ZERO_INIT_BLOCK
   with alignment = 8 { section .OS_PUBLIC_CORE0_VAR_ZERO_INIT };
define block OS_VAR_FAST_NOCACHE_ZERO_INIT_BLOCK
   with alignment = 8 { section .OS_VAR_FAST_NOCACHE_ZERO_INIT };
define block OS_VAR_FAST_ZERO_INIT_BLOCK
   with alignment = 8 { section .OS_VAR_FAST_ZERO_INIT };
define block OS_VAR_NOCACHE_ZERO_INIT_BLOCK
   with alignment = 8 { section .OS_VAR_NOCACHE_ZERO_INIT };
define block OS_VAR_ZERO_INIT_BLOCK
   with alignment = 8 { section .OS_VAR_ZERO_INIT };
define block OS_DATA_SHARED_ZERO_INIT
   with fixed order, alignment = 4 {
      section OS_DATA_SHARED_ZERO_INIT_START_SEC,
      block OS_BARRIER_CORE0_VAR_FAST_NOCACHE_ZERO_INIT_BLOCK,
      block OS_BARRIER_CORE0_VAR_FAST_ZERO_INIT_BLOCK,
      block OS_BARRIER_CORE0_VAR_NOCACHE_ZERO_INIT_BLOCK,
      block OS_BARRIER_CORE0_VAR_ZERO_INIT_BLOCK,
      block OS_CORESTATUS_CORE0_VAR_FAST_NOCACHE_ZERO_INIT_BLOCK,
      block OS_CORESTATUS_CORE0_VAR_FAST_ZERO_INIT_BLOCK,
      block OS_CORESTATUS_CORE0_VAR_NOCACHE_ZERO_INIT_BLOCK,
      block OS_CORESTATUS_CORE0_VAR_ZERO_INIT_BLOCK,
      block OS_GLOBALSHARED_VAR_FAST_NOCACHE_ZERO_INIT_BLOCK,
      block OS_GLOBALSHARED_VAR_FAST_ZERO_INIT_BLOCK,
      block OS_GLOBALSHARED_VAR_NOCACHE_ZERO_INIT_BLOCK,
      block OS_GLOBALSHARED_VAR_ZERO_INIT_BLOCK,
      block OS_PUBLIC_CORE0_VAR_FAST_NOCACHE_ZERO_INIT_BLOCK,
      block OS_PUBLIC_CORE0_VAR_FAST_ZERO_INIT_BLOCK,
      block OS_PUBLIC_CORE0_VAR_NOCACHE_ZERO_INIT_BLOCK,
      block OS_PUBLIC_CORE0_VAR_ZERO_INIT_BLOCK,
      block OS_VAR_FAST_NOCACHE_ZERO_INIT_BLOCK,
      block OS_VAR_FAST_ZERO_INIT_BLOCK, block OS_VAR_NOCACHE_ZERO_INIT_BLOCK,
      block OS_VAR_ZERO_INIT_BLOCK, section OS_DATA_SHARED_ZERO_INIT_LIMIT_SEC,
      section .mcal_bss, section .mcal_data };
"INTERNAL_RAM__OS_DATA_SHARED_ZERO_INIT":
       place in [from 0x1fff'8000 to 0x2000'0000] {
          block OS_DATA_SHARED_ZERO_INIT };
define block DEFAULT_RODATA_BLOCK with alignment = 8 { section .rodata };
define block DEFAULT_INTVEC_BLOCK with alignment = 8 { section .intvec };
define block DEFAULT_INIT_TABLE_BLOCK
   with alignment = 8 { section .iar.init_table };
define block DEFAULT_DATA_ROM_INIT_BLOCK
   with alignment = 8 { section .data_init };
define block Const_Default
   with fixed order, alignment = 4 {
      section Const_Default_START_SEC, block DEFAULT_RODATA_BLOCK,
      block DEFAULT_INTVEC_BLOCK, block DEFAULT_INIT_TABLE_BLOCK,
      block DEFAULT_DATA_ROM_INIT_BLOCK, section Const_Default_LIMIT_SEC };
"PROGRAM_FLASH__Const_Default":
       place in [from 0x500 to 0x8'0000] { block Const_Default };
define block DEFAULT_BSS_BLOCK with alignment = 8 { section .bss };
define block DEFAULT_DATA_INIT_BLOCK with alignment = 8 { section .data };
define block Data_Default
   with fixed order, alignment = 4 {
      section Data_Default_START_SEC, block DEFAULT_BSS_BLOCK,
      block DEFAULT_DATA_INIT_BLOCK, section Data_Default_LIMIT_SEC };
"INTERNAL_RAM__Data_Default":
       place in [from 0x1fff'8000 to 0x2000'0000] { block Data_Default };
define block function_in_ram_BLOCK
   with alignment = 4 { section .function_in_ram };
define block Data_Default_INIT
   with fixed order, alignment = 4 {
      section Data_Default_INIT_START_SEC, block function_in_ram_BLOCK,
      section Data_Default_INIT_LIMIT_SEC };
"INTERNAL_RAM__Data_Default_INIT":
       place in [from 0x1fff'8000 to 0x2000'0000] { block Data_Default_INIT };
define block HEAP with size = 2K, alignment = 8 { };
define block Heap_Default
   with fixed order, alignment = 4 {
      section Heap_Default_START_SEC, block HEAP,
      section Heap_Default_LIMIT_SEC };
"INTERNAL_RAM__Heap_Default":
       place in [from 0x1fff'8000 to 0x2000'0000] { block Heap_Default };
do not initialize {
   section .OS_STACK_APPLICATION_10MS_TASK_VAR_NOINIT,
   section .OS_STACK_APPLICATION_500MS_TASK_VAR_NOINIT,
   section .OS_STACK_DEFAULT_BSW_10MS_TASK_VAR_NOINIT,
   section .OS_STACK_DEFAULT_BSW_20MS_TASK_VAR_NOINIT,
   section .OS_STACK_OSCORE0_ERROR_VAR_NOINIT,
   section .OS_STACK_OSCORE0_INIT_VAR_NOINIT,
   section .OS_STACK_OSCORE0_ISR_CORE_VAR_NOINIT,
   section .OS_STACK_OSCORE0_KERNEL_VAR_NOINIT,
   section .OS_STACK_OSCORE0_TASK_PRIO40_VAR_NOINIT,
   section .OS_STACK_OSCORE0_TASK_PRIO4294967295_VAR_NOINIT,
   section .OS_STACK_OSCORE0_TASK_PRIO45_VAR_NOINIT,
   section .OS_STACK_OSCORE0_TASK_PRIO50_VAR_NOINIT,
   section .OS_STACK_OSCORE0_TASK_PRIO5_VAR_NOINIT,
   section .OS_STACK_OSCORE0_TASK_PRIO60_VAR_NOINIT,
   section .OS_STACK_STARTAPPLICATION_NVM_TASK_VAR_NOINIT,
   section .OS_SystemApplication_OsCore0_VAR_FAST_NOCACHE_NOINIT,
   section .OS_SystemApplication_OsCore0_VAR_FAST_NOINIT,
   section .OS_SystemApplication_OsCore0_VAR_NOCACHE_NOINIT,
   section .OS_SystemApplication_OsCore0_VAR_NOINIT,
   section .OS_CORE0_VAR_FAST_NOCACHE_NOINIT,
   section .OS_CORE0_VAR_FAST_NOINIT, section .OS_CORE0_VAR_NOCACHE_NOINIT,
   section .OS_CORE0_VAR_NOINIT,
   section .OS_BARRIER_CORE0_VAR_FAST_NOCACHE_NOINIT,
   section .OS_BARRIER_CORE0_VAR_FAST_NOCACHE_ZERO_INIT,
   section .OS_BARRIER_CORE0_VAR_FAST_NOINIT,
   section .OS_BARRIER_CORE0_VAR_FAST_ZERO_INIT,
   section .OS_BARRIER_CORE0_VAR_NOCACHE_NOINIT,
   section .OS_BARRIER_CORE0_VAR_NOCACHE_ZERO_INIT,
   section .OS_BARRIER_CORE0_VAR_NOINIT,
   section .OS_BARRIER_CORE0_VAR_ZERO_INIT,
   section .OS_CORESTATUS_CORE0_VAR_FAST_NOCACHE_NOINIT,
   section .OS_CORESTATUS_CORE0_VAR_FAST_NOCACHE_ZERO_INIT,
   section .OS_CORESTATUS_CORE0_VAR_FAST_NOINIT,
   section .OS_CORESTATUS_CORE0_VAR_FAST_ZERO_INIT,
   section .OS_CORESTATUS_CORE0_VAR_NOCACHE_NOINIT,
   section .OS_CORESTATUS_CORE0_VAR_NOCACHE_ZERO_INIT,
   section .OS_CORESTATUS_CORE0_VAR_NOINIT,
   section .OS_CORESTATUS_CORE0_VAR_ZERO_INIT,
   section .OS_GLOBALSHARED_VAR_FAST_NOCACHE_NOINIT,
   section .OS_GLOBALSHARED_VAR_FAST_NOCACHE_ZERO_INIT,
   section .OS_GLOBALSHARED_VAR_FAST_NOINIT,
   section .OS_GLOBALSHARED_VAR_FAST_ZERO_INIT,
   section .OS_GLOBALSHARED_VAR_NOCACHE_NOINIT,
   section .OS_GLOBALSHARED_VAR_NOCACHE_ZERO_INIT,
   section .OS_GLOBALSHARED_VAR_NOINIT, section .OS_GLOBALSHARED_VAR_ZERO_INIT,
   section .OS_PUBLIC_CORE0_VAR_FAST_NOCACHE_NOINIT,
   section .OS_PUBLIC_CORE0_VAR_FAST_NOCACHE_ZERO_INIT,
   section .OS_PUBLIC_CORE0_VAR_FAST_NOINIT,
   section .OS_PUBLIC_CORE0_VAR_FAST_ZERO_INIT,
   section .OS_PUBLIC_CORE0_VAR_NOCACHE_NOINIT,
   section .OS_PUBLIC_CORE0_VAR_NOCACHE_ZERO_INIT,
   section .OS_PUBLIC_CORE0_VAR_NOINIT, section .OS_PUBLIC_CORE0_VAR_ZERO_INIT,
   section .OS_VAR_FAST_NOCACHE_NOINIT, section .OS_VAR_FAST_NOCACHE_ZERO_INIT,
   section .OS_VAR_FAST_NOINIT, section .OS_VAR_FAST_ZERO_INIT,
   section .OS_VAR_NOCACHE_NOINIT, section .OS_VAR_NOCACHE_ZERO_INIT,
   section .OS_VAR_NOINIT, section .OS_VAR_ZERO_INIT, section .bss, rw };
initialize manually with packing = none {
   section .OS_BARRIER_CORE0_VAR, section .OS_BARRIER_CORE0_VAR_FAST,
   section .OS_BARRIER_CORE0_VAR_FAST_NOCACHE,
   section .OS_BARRIER_CORE0_VAR_NOCACHE, section .OS_CORESTATUS_CORE0_VAR,
   section .OS_CORESTATUS_CORE0_VAR_FAST,
   section .OS_CORESTATUS_CORE0_VAR_FAST_NOCACHE,
   section .OS_CORESTATUS_CORE0_VAR_NOCACHE, section .OS_GLOBALSHARED_VAR,
   section .OS_GLOBALSHARED_VAR_FAST,
   section .OS_GLOBALSHARED_VAR_FAST_NOCACHE,
   section .OS_GLOBALSHARED_VAR_NOCACHE, section .OS_PUBLIC_CORE0_VAR,
   section .OS_PUBLIC_CORE0_VAR_FAST,
   section .OS_PUBLIC_CORE0_VAR_FAST_NOCACHE,
   section .OS_PUBLIC_CORE0_VAR_NOCACHE, section .OS_VAR, section .OS_VAR_FAST,
   section .OS_VAR_FAST_NOCACHE, section .OS_VAR_NOCACHE,
   section .function_in_ram, section .data };
keep { section OS_EXCVEC_CORE0_CODE_START_SEC };
keep { section OS_EXCVEC_CORE0_CODE_LIMIT_SEC };
keep { section OS_EXCVEC_CORE0_CONST_START_SEC };
keep { section OS_EXCVEC_CORE0_CONST_LIMIT_SEC };
keep { section OS_INTVEC_CODE_START_SEC };
keep { section OS_INTVEC_CODE_LIMIT_SEC };
keep { section OS_INTVEC_CORE0_CODE_START_SEC };
keep { section OS_INTVEC_CORE0_CODE_LIMIT_SEC };
keep { section OS_INTVEC_CORE0_CONST_START_SEC };
keep { section OS_INTVEC_CORE0_CONST_LIMIT_SEC };
keep { section OS_STACKS_CORE0_NOINIT_START_SEC };
keep { section OS_STACKS_CORE0_NOINIT_LIMIT_SEC };
keep { section OS_SystemApplication_OsCore0_NOINIT_START_SEC };
keep { section OS_SystemApplication_OsCore0_NOINIT_LIMIT_SEC };
keep { section Startup_Code_START_SEC };
keep { section Startup_Code_LIMIT_SEC };
keep { section Startup_Stack_START_SEC };
keep { section Startup_Stack_LIMIT_SEC };
keep { section Code_Default_START_SEC };
keep { section Code_Default_LIMIT_SEC };
keep { section OS_CODE_START_SEC };
keep { section OS_CODE_LIMIT_SEC };
keep { section OS_CONST_START_SEC };
keep { section OS_CONST_LIMIT_SEC };
keep { section OS_DATA_CORE0_NOINIT_START_SEC };
keep { section OS_DATA_CORE0_NOINIT_LIMIT_SEC };
keep { section OS_DATA_SHARED_NOINIT_START_SEC };
keep { section OS_DATA_SHARED_NOINIT_LIMIT_SEC };
keep { section OS_DATA_SHARED_INIT_START_SEC };
keep { section OS_DATA_SHARED_INIT_LIMIT_SEC };
keep { section OS_DATA_SHARED_ZERO_INIT_START_SEC };
keep { section OS_DATA_SHARED_ZERO_INIT_LIMIT_SEC };
keep { section Const_Default_START_SEC };
keep { section Const_Default_LIMIT_SEC };
keep { section Data_Default_START_SEC };
keep { section Data_Default_LIMIT_SEC };
keep { section Data_Default_INIT_START_SEC };
keep { section Data_Default_INIT_LIMIT_SEC };
keep { section Heap_Default_START_SEC };
keep { section Heap_Default_LIMIT_SEC };

No sections matched the following patterns:

  section .APPLHEADER                                            in "P4"
  section .APPLVECT                                              in "P3"
  section .BMHDRHEADER                                           in "P5"
  section .CAL_DATA_SEC                                          in "P2"
  section .OS_Adc_Adc12bsarv2_EndGroupConvUnit0_CODE             in block OS_Adc_Adc12bsarv2_EndGroupConvUnit0_CODE_BLOCK
  section .OS_Adc_Adc12bsarv2_EndGroupConvUnit1_CODE             in block OS_Adc_Adc12bsarv2_EndGroupConvUnit1_CODE_BLOCK
  section .OS_Application_10ms_Task_CODE                         in block OS_Application_10ms_Task_CODE_BLOCK
  section .OS_Application_2ms_Task_CODE                          in block OS_Application_2ms_Task_CODE_BLOCK
  section .OS_Application_500ms_Task_CODE                        in block OS_Application_500ms_Task_CODE_BLOCK
  section .OS_BARRIER_CORE0_VAR                                  in block OS_BARRIER_CORE0_VAR_BLOCK
  section .OS_BARRIER_CORE0_VAR_FAST                             in block OS_BARRIER_CORE0_VAR_FAST_BLOCK
  section .OS_BARRIER_CORE0_VAR_FAST_NOCACHE                     in block OS_BARRIER_CORE0_VAR_FAST_NOCACHE_BLOCK
  section .OS_BARRIER_CORE0_VAR_FAST_NOCACHE_NOINIT              in block OS_BARRIER_CORE0_VAR_FAST_NOCACHE_NOINIT_BLOCK
  section .OS_BARRIER_CORE0_VAR_FAST_NOCACHE_ZERO_INIT           in block OS_BARRIER_CORE0_VAR_FAST_NOCACHE_ZERO_INIT_BLOCK
  section .OS_BARRIER_CORE0_VAR_FAST_NOCACHE_init                in block OS_BARRIER_CORE0_VAR_FAST_NOCACHE_init_BLOCK
  section .OS_BARRIER_CORE0_VAR_FAST_NOINIT                      in block OS_BARRIER_CORE0_VAR_FAST_NOINIT_BLOCK
  section .OS_BARRIER_CORE0_VAR_FAST_ZERO_INIT                   in block OS_BARRIER_CORE0_VAR_FAST_ZERO_INIT_BLOCK
  section .OS_BARRIER_CORE0_VAR_FAST_init                        in block OS_BARRIER_CORE0_VAR_FAST_init_BLOCK
  section .OS_BARRIER_CORE0_VAR_NOCACHE                          in block OS_BARRIER_CORE0_VAR_NOCACHE_BLOCK
  section .OS_BARRIER_CORE0_VAR_NOCACHE_ZERO_INIT                in block OS_BARRIER_CORE0_VAR_NOCACHE_ZERO_INIT_BLOCK
  section .OS_BARRIER_CORE0_VAR_NOCACHE_init                     in block OS_BARRIER_CORE0_VAR_NOCACHE_init_BLOCK
  section .OS_BARRIER_CORE0_VAR_NOINIT                           in block OS_BARRIER_CORE0_VAR_NOINIT_BLOCK
  section .OS_BARRIER_CORE0_VAR_ZERO_INIT                        in block OS_BARRIER_CORE0_VAR_ZERO_INIT_BLOCK
  section .OS_BARRIER_CORE0_VAR_init                             in block OS_BARRIER_CORE0_VAR_init_BLOCK
  section .OS_CONST_FAST                                         in block OS_CONST_FAST_BLOCK
  section .OS_CORE0_CONST_FAST                                   in block OS_CORE0_CONST_FAST_BLOCK
  section .OS_CORE0_VAR_FAST_NOCACHE_NOINIT                      in block OS_CORE0_VAR_FAST_NOCACHE_NOINIT_BLOCK
  section .OS_CORE0_VAR_NOCACHE_NOINIT                           in block OS_CORE0_VAR_NOCACHE_NOINIT_BLOCK
  section .OS_CORESTATUS_CORE0_VAR                               in block OS_CORESTATUS_CORE0_VAR_BLOCK
  section .OS_CORESTATUS_CORE0_VAR_FAST                          in block OS_CORESTATUS_CORE0_VAR_FAST_BLOCK
  section .OS_CORESTATUS_CORE0_VAR_FAST_NOCACHE                  in block OS_CORESTATUS_CORE0_VAR_FAST_NOCACHE_BLOCK
  section .OS_CORESTATUS_CORE0_VAR_FAST_NOCACHE_NOINIT           in block OS_CORESTATUS_CORE0_VAR_FAST_NOCACHE_NOINIT_BLOCK
  section .OS_CORESTATUS_CORE0_VAR_FAST_NOCACHE_ZERO_INIT        in block OS_CORESTATUS_CORE0_VAR_FAST_NOCACHE_ZERO_INIT_BLOCK
  section .OS_CORESTATUS_CORE0_VAR_FAST_NOCACHE_init             in block OS_CORESTATUS_CORE0_VAR_FAST_NOCACHE_init_BLOCK
  section .OS_CORESTATUS_CORE0_VAR_FAST_NOINIT                   in block OS_CORESTATUS_CORE0_VAR_FAST_NOINIT_BLOCK
  section .OS_CORESTATUS_CORE0_VAR_FAST_ZERO_INIT                in block OS_CORESTATUS_CORE0_VAR_FAST_ZERO_INIT_BLOCK
  section .OS_CORESTATUS_CORE0_VAR_FAST_init                     in block OS_CORESTATUS_CORE0_VAR_FAST_init_BLOCK
  section .OS_CORESTATUS_CORE0_VAR_NOCACHE                       in block OS_CORESTATUS_CORE0_VAR_NOCACHE_BLOCK
  section .OS_CORESTATUS_CORE0_VAR_NOCACHE_ZERO_INIT             in block OS_CORESTATUS_CORE0_VAR_NOCACHE_ZERO_INIT_BLOCK
  section .OS_CORESTATUS_CORE0_VAR_NOCACHE_init                  in block OS_CORESTATUS_CORE0_VAR_NOCACHE_init_BLOCK
  section .OS_CORESTATUS_CORE0_VAR_NOINIT                        in block OS_CORESTATUS_CORE0_VAR_NOINIT_BLOCK
  section .OS_CORESTATUS_CORE0_VAR_ZERO_INIT                     in block OS_CORESTATUS_CORE0_VAR_ZERO_INIT_BLOCK
  section .OS_CORESTATUS_CORE0_VAR_init                          in block OS_CORESTATUS_CORE0_VAR_init_BLOCK
  section .OS_CanBusOffIsr_0_CODE                                in block OS_CanBusOffIsr_0_CODE_BLOCK
  section .OS_CanMailboxIsr_0_CODE                               in block OS_CanMailboxIsr_0_CODE_BLOCK
  section .OS_Default_BSW_10ms_Task_CODE                         in block OS_Default_BSW_10ms_Task_CODE_BLOCK
  section .OS_Default_BSW_20ms_Task_CODE                         in block OS_Default_BSW_20ms_Task_CODE_BLOCK
  section .OS_Default_BSW_5ms_Task_CODE                          in block OS_Default_BSW_5ms_Task_CODE_BLOCK
  section .OS_Default_BSW_ServiceDispatcher_CODE                 in block OS_Default_BSW_ServiceDispatcher_CODE_BLOCK
  section .OS_Default_Init_Task_CODE                             in block OS_Default_Init_Task_CODE_BLOCK
  section .OS_ERRORHOOK_CODE                                     in block OS_ERRORHOOK_CODE_BLOCK
  section .OS_EXCVEC_CORE0_CODE                                  in block OS_EXCVEC_CORE0_CODE_BLOCK
  section .OS_EXCVEC_CORE0_CONST                                 in block OS_EXCVEC_CORE0_CONST_BLOCK
  section .OS_EXCVEC_CORE0_CONST_FAST                            in block OS_EXCVEC_CORE0_CONST_FAST_BLOCK
  section .OS_FTM_0_CH_0_CH_1_ISR_CODE                           in block OS_FTM_0_CH_0_CH_1_ISR_CODE_BLOCK
  section .OS_FTM_0_CH_2_CH_3_ISR_CODE                           in block OS_FTM_0_CH_2_CH_3_ISR_CODE_BLOCK
  section .OS_GLOBALSHARED_CONST                                 in block OS_GLOBALSHARED_CONST_BLOCK
  section .OS_GLOBALSHARED_CONST_FAST                            in block OS_GLOBALSHARED_CONST_FAST_BLOCK
  section .OS_GLOBALSHARED_VAR                                   in block OS_GLOBALSHARED_VAR_BLOCK
  section .OS_GLOBALSHARED_VAR_FAST                              in block OS_GLOBALSHARED_VAR_FAST_BLOCK
  section .OS_GLOBALSHARED_VAR_FAST_NOCACHE                      in block OS_GLOBALSHARED_VAR_FAST_NOCACHE_BLOCK
  section .OS_GLOBALSHARED_VAR_FAST_NOCACHE_NOINIT               in block OS_GLOBALSHARED_VAR_FAST_NOCACHE_NOINIT_BLOCK
  section .OS_GLOBALSHARED_VAR_FAST_NOCACHE_ZERO_INIT            in block OS_GLOBALSHARED_VAR_FAST_NOCACHE_ZERO_INIT_BLOCK
  section .OS_GLOBALSHARED_VAR_FAST_NOCACHE_init                 in block OS_GLOBALSHARED_VAR_FAST_NOCACHE_init_BLOCK
  section .OS_GLOBALSHARED_VAR_FAST_NOINIT                       in block OS_GLOBALSHARED_VAR_FAST_NOINIT_BLOCK
  section .OS_GLOBALSHARED_VAR_FAST_ZERO_INIT                    in block OS_GLOBALSHARED_VAR_FAST_ZERO_INIT_BLOCK
  section .OS_GLOBALSHARED_VAR_FAST_init                         in block OS_GLOBALSHARED_VAR_FAST_init_BLOCK
  section .OS_GLOBALSHARED_VAR_NOCACHE                           in block OS_GLOBALSHARED_VAR_NOCACHE_BLOCK
  section .OS_GLOBALSHARED_VAR_NOCACHE_NOINIT                    in block OS_GLOBALSHARED_VAR_NOCACHE_NOINIT_BLOCK
  section .OS_GLOBALSHARED_VAR_NOCACHE_ZERO_INIT                 in block OS_GLOBALSHARED_VAR_NOCACHE_ZERO_INIT_BLOCK
  section .OS_GLOBALSHARED_VAR_NOCACHE_init                      in block OS_GLOBALSHARED_VAR_NOCACHE_init_BLOCK
  section .OS_GLOBALSHARED_VAR_NOINIT                            in block OS_GLOBALSHARED_VAR_NOINIT_BLOCK
  section .OS_GLOBALSHARED_VAR_ZERO_INIT                         in block OS_GLOBALSHARED_VAR_ZERO_INIT_BLOCK
  section .OS_GLOBALSHARED_VAR_init                              in block OS_GLOBALSHARED_VAR_init_BLOCK
  section .OS_ICU_PORT_CI_A_EXT_IRQ_ISR_CODE                     in block OS_ICU_PORT_CI_A_EXT_IRQ_ISR_CODE_BLOCK
  section .OS_ICU_PORT_CI_B_EXT_IRQ_ISR_CODE                     in block OS_ICU_PORT_CI_B_EXT_IRQ_ISR_CODE_BLOCK
  section .OS_INTVEC_CODE                                        in block OS_INTVEC_CODE_BLOCK
  section .OS_INTVEC_CONST                                       in block OS_INTVEC_CONST_BLOCK
  section .OS_INTVEC_CONST_FAST                                  in block OS_INTVEC_CONST_FAST_BLOCK
  section .OS_INTVEC_CORE0_CONST_FAST                            in block OS_INTVEC_CORE0_CONST_FAST_BLOCK
  section .OS_OS_COREINITHOOK_CODE                               in block OS_OS_COREINITHOOK_CODE_BLOCK
  section .OS_PUBLIC_CORE0_VAR                                   in block OS_PUBLIC_CORE0_VAR_BLOCK
  section .OS_PUBLIC_CORE0_VAR_FAST                              in block OS_PUBLIC_CORE0_VAR_FAST_BLOCK
  section .OS_PUBLIC_CORE0_VAR_FAST_NOCACHE                      in block OS_PUBLIC_CORE0_VAR_FAST_NOCACHE_BLOCK
  section .OS_PUBLIC_CORE0_VAR_FAST_NOCACHE_NOINIT               in block OS_PUBLIC_CORE0_VAR_FAST_NOCACHE_NOINIT_BLOCK
  section .OS_PUBLIC_CORE0_VAR_FAST_NOCACHE_ZERO_INIT            in block OS_PUBLIC_CORE0_VAR_FAST_NOCACHE_ZERO_INIT_BLOCK
  section .OS_PUBLIC_CORE0_VAR_FAST_NOCACHE_init                 in block OS_PUBLIC_CORE0_VAR_FAST_NOCACHE_init_BLOCK
  section .OS_PUBLIC_CORE0_VAR_FAST_NOINIT                       in block OS_PUBLIC_CORE0_VAR_FAST_NOINIT_BLOCK
  section .OS_PUBLIC_CORE0_VAR_FAST_ZERO_INIT                    in block OS_PUBLIC_CORE0_VAR_FAST_ZERO_INIT_BLOCK
  section .OS_PUBLIC_CORE0_VAR_FAST_init                         in block OS_PUBLIC_CORE0_VAR_FAST_init_BLOCK
  section .OS_PUBLIC_CORE0_VAR_NOCACHE                           in block OS_PUBLIC_CORE0_VAR_NOCACHE_BLOCK
  section .OS_PUBLIC_CORE0_VAR_NOCACHE_NOINIT                    in block OS_PUBLIC_CORE0_VAR_NOCACHE_NOINIT_BLOCK
  section .OS_PUBLIC_CORE0_VAR_NOCACHE_ZERO_INIT                 in block OS_PUBLIC_CORE0_VAR_NOCACHE_ZERO_INIT_BLOCK
  section .OS_PUBLIC_CORE0_VAR_NOCACHE_init                      in block OS_PUBLIC_CORE0_VAR_NOCACHE_init_BLOCK
  section .OS_PUBLIC_CORE0_VAR_NOINIT                            in block OS_PUBLIC_CORE0_VAR_NOINIT_BLOCK
  section .OS_PUBLIC_CORE0_VAR_ZERO_INIT                         in block OS_PUBLIC_CORE0_VAR_ZERO_INIT_BLOCK
  section .OS_PUBLIC_CORE0_VAR_init                              in block OS_PUBLIC_CORE0_VAR_init_BLOCK
  section .OS_STACK_DEFAULT_APPL_TASK_VAR_NOINIT                 in block OS_STACK_DEFAULT_APPL_TASK_VAR_NOINIT_BLOCK
  section .OS_STACK_DEFAULT_BSW_ASYNC_TASK_VAR_NOINIT            in block OS_STACK_DEFAULT_BSW_ASYNC_TASK_VAR_NOINIT_BLOCK
  section .OS_STACK_OSCORE0_PROTECTION_VAR_NOINIT                in block OS_STACK_OSCORE0_PROTECTION_VAR_NOINIT_BLOCK
  section .OS_STACK_OSCORE0_TASK_PRIO0_VAR_NOINIT                in block OS_STACK_OSCORE0_TASK_PRIO0_VAR_NOINIT_BLOCK
  section .OS_STACK_OSCORE0_TASK_PRIO100_VAR_NOINIT              in block OS_STACK_OSCORE0_TASK_PRIO100_VAR_NOINIT_BLOCK
  section .OS_STACK_OSCORE0_TASK_PRIO10_VAR_NOINIT               in block OS_STACK_OSCORE0_TASK_PRIO10_VAR_NOINIT_BLOCK
  section .OS_STACK_OSCORE0_TASK_PRIO30_VAR_NOINIT               in block OS_STACK_OSCORE0_TASK_PRIO30_VAR_NOINIT_BLOCK
  section .OS_STACK_OSCORE0_TASK_PRIO40_VAR_NOINIT               in block OS_STACK_OSCORE0_TASK_PRIO40_VAR_NOINIT_BLOCK
  section .OS_STACK_OSCORE0_TASK_PRIO45_VAR_NOINIT               in block OS_STACK_OSCORE0_TASK_PRIO45_VAR_NOINIT_BLOCK
  section .OS_STACK_OSCORE0_TASK_PRIO50_VAR_NOINIT               in block OS_STACK_OSCORE0_TASK_PRIO50_VAR_NOINIT_BLOCK
  section .OS_STACK_OSCORE0_TASK_PRIO5_VAR_NOINIT                in block OS_STACK_OSCORE0_TASK_PRIO5_VAR_NOINIT_BLOCK
  section .OS_StartApplication_Appl_Init_Task_CODE               in block OS_StartApplication_Appl_Init_Task_CODE_BLOCK
  section .OS_StartApplication_NVM_Task_CODE                     in block OS_StartApplication_NVM_Task_CODE_BLOCK
  section .OS_SystemApplication_OsCore0_CONST                    in block OS_SystemApplication_OsCore0_CONST_BLOCK
  section .OS_SystemApplication_OsCore0_CONST_FAST               in block OS_SystemApplication_OsCore0_CONST_FAST_BLOCK
  section .OS_SystemApplication_OsCore0_VAR_FAST_NOCACHE_NOINIT  in block OS_SystemApplication_OsCore0_VAR_FAST_NOCACHE_NOINIT_BLOCK
  section .OS_SystemApplication_OsCore0_VAR_FAST_NOINIT          in block OS_SystemApplication_OsCore0_VAR_FAST_NOINIT_BLOCK
  section .OS_SystemApplication_OsCore0_VAR_NOCACHE_NOINIT       in block OS_SystemApplication_OsCore0_VAR_NOCACHE_NOINIT_BLOCK
  section .OS_SystemApplication_OsCore0_VAR_NOINIT               in block OS_SystemApplication_OsCore0_VAR_NOINIT_BLOCK
  section .OS_VAR                                                in block OS_VAR_BLOCK
  section .OS_VAR_FAST                                           in block OS_VAR_FAST_BLOCK
  section .OS_VAR_FAST_NOCACHE                                   in block OS_VAR_FAST_NOCACHE_BLOCK
  section .OS_VAR_FAST_NOCACHE_NOINIT                            in block OS_VAR_FAST_NOCACHE_NOINIT_BLOCK
  section .OS_VAR_FAST_NOCACHE_ZERO_INIT                         in block OS_VAR_FAST_NOCACHE_ZERO_INIT_BLOCK
  section .OS_VAR_FAST_NOCACHE_init                              in block OS_VAR_FAST_NOCACHE_init_BLOCK
  section .OS_VAR_FAST_NOINIT                                    in block OS_VAR_FAST_NOINIT_BLOCK
  section .OS_VAR_FAST_ZERO_INIT                                 in block OS_VAR_FAST_ZERO_INIT_BLOCK
  section .OS_VAR_FAST_init                                      in block OS_VAR_FAST_init_BLOCK
  section .OS_VAR_NOCACHE                                        in block OS_VAR_NOCACHE_BLOCK
  section .OS_VAR_NOCACHE_ZERO_INIT                              in block OS_VAR_NOCACHE_ZERO_INIT_BLOCK
  section .OS_VAR_NOCACHE_init                                   in block OS_VAR_NOCACHE_init_BLOCK
  section .OS_VAR_NOINIT                                         in block OS_VAR_NOINIT_BLOCK
  section .OS_VAR_ZERO_INIT                                      in block OS_VAR_ZERO_INIT_BLOCK
  section .OS_VAR_init                                           in block OS_VAR_init_BLOCK
  section .brsStartup                                            in block Startup_Code_Core0
  section .function_in_ram                                       in block function_in_ram_BLOCK
  section .function_in_ram_init                                  in block function_in_ram_init_BLOCK
  section .iar.init_table                                        in block DEFAULT_INIT_TABLE_BLOCK
  section .mcal_bss                                              in block OS_DATA_SHARED_ZERO_INIT
  section .mcal_const                                            in block OS_CONST
  section .mcal_const_cfg                                        in block OS_CONST
  section .mcal_data                                             in block OS_DATA_SHARED_ZERO_INIT
  section .mcal_text                                             in block OS_CODE


  Section                 Kind               Address  Alignment      Size  Object
  -------                 ----               -------  ---------      ----  ------
"VECTORS__OS_EXCVEC_CORE0_CONST":                                     0x0
  OS_EXCVEC_CORE0_CONST                          0x0                  0x0  <Block>
    OS_EXCVEC_CORE0_CONST_START_SEC
                          uninit                 0x0                  0x0  <internal module>
    OS_EXCVEC_CORE0_CONST_LIMIT_SEC
                          uninit                 0x0                  0x0  <internal module>

"VECTORS__OS_INTVEC_CORE0_CONST":                                   0x3c0
  OS_INTVEC_CORE0_CONST                          0x0        128     0x3c0  <Block>
    OS_INTVEC_CORE0_CONST_START_SEC
                          uninit                 0x0                  0x0  <internal module>
    OS_INTVEC_CORE0_CONST_BLOCK
                                                 0x0        128     0x3c0  <Block>
      .OS_INTVEC_CORE0_CONST
                          const                  0x0          4     0x3c0  Os_Hal_Entry_Lcfg.o [5]
    OS_INTVEC_CORE0_CONST_LIMIT_SEC
                          uninit               0x3c0                  0x0  <internal module>
                                             - 0x3c0                0x3c0

"P1":                                                                0x10
  FlashConfig             ro code              0x400          4      0x10  startup_S32K144.o [8]
                                             - 0x410                 0x10

"PROGRAM_FLASH__OS_EXCVEC_CORE0_CODE":                                0x0
  OS_EXCVEC_CORE0_CODE                         0x500                  0x0  <Block>
    OS_EXCVEC_CORE0_CODE_START_SEC
                          uninit               0x500                  0x0  <internal module>
    OS_EXCVEC_CORE0_CODE_LIMIT_SEC
                          uninit               0x500                  0x0  <internal module>

"PROGRAM_FLASH__OS_INTVEC_CODE":                                      0x0
  OS_INTVEC_CODE                               0x500        128       0x0  <Block>
    OS_INTVEC_CODE_START_SEC
                          uninit               0x500                  0x0  <internal module>
    OS_INTVEC_CODE_LIMIT_SEC
                          uninit               0x500                  0x0  <internal module>

"PROGRAM_FLASH__OS_INTVEC_CORE0_CODE":                               0x4c
  OS_INTVEC_CORE0_CODE                         0x500        128      0x4c  <Block>
    OS_INTVEC_CORE0_CODE_START_SEC
                          uninit               0x500                  0x0  <internal module>
    OS_INTVEC_CORE0_CODE_BLOCK
                                               0x500        128      0x4c  <Block>
      .OS_INTVEC_CORE0_CODE
                          ro code              0x500          4      0x4c  Os_Hal_EntryAsm_Lcfg.o [5]
    OS_INTVEC_CORE0_CODE_LIMIT_SEC
                          uninit               0x54c                  0x0  <internal module>
                                             - 0x54c                 0x4c

"PROGRAM_FLASH__Startup_Code":                                        0x0
  Startup_Code                                 0x54c          4       0x0  <Block>
    Startup_Code_START_SEC
                          uninit               0x54c                  0x0  <internal module>
    Startup_Code_LIMIT_SEC
                          uninit               0x54c                  0x0  <internal module>

"PROGRAM_FLASH__Code_Default":                                     0x1784
  Code_Default                                 0x54c          4    0x1782  <Block>
    Code_Default_START_SEC
                          uninit               0x54c                  0x0  <internal module>
    DEFAULT_CODE_BLOCK                         0x550          8    0x177e  <Block>
      .text               ro code              0x550          4     0x4f4  BswM.o [2]
      .text               ro code              0xa44          4      0x28  Det.o [3]
      .text               ro code              0xa6c          4     0x2f4  BswM_Lcfg.o [5]
      .text               ro code              0xd60          4      0xf0  Rte.o [5]
      .text               ro code              0xe50          2       0xe  BswM_Callout_Stubs.o [7]
      .text               ro code              0xe5e          2       0x2  startup_S32K144.o [8]
      .text               ro code              0xe60          4     0x20c  EcuM.o [4]
      .text               ro code             0x106c          4      0x58  EcuM_Callout_Stubs.o [7]
      .text               ro code             0x10c4          4     0x1dc  Mcu.o [13]
      .text               ro code             0x12a0          4      0x28  Port.o [11]
      .text               ro code             0x12c8          4      0xd0  Mcu_IPW.o [13]
      .text               ro code             0x1398          4     0x324  Port_Port_Ci.o [11]
      .text               ro code             0x16bc          4      0xb8  Mcu_SIM.o [13]
      .text               ro code             0x1774          4      0x24  Mcu_RCM.o [13]
      .text               ro code             0x1798          4      0x34  Mcu_PMC.o [13]
      .text               ro code             0x17cc          4      0x10  Mcu_SMC.o [13]
      .text               ro code             0x17dc          4     0x1b8  Mcu_SCG.o [13]
      .text               ro code             0x1994          2      0x68  Mcu_PCC.o [13]
      .text               ro code             0x19fc          4      0xd4  startup.o [8]
      .text               ro code             0x1ad0          4      0x40  startup_S32K144.o [8]
      .text               ro code             0x1b10          4      0x48  system_S32K144.o [8]
      .text               ro code             0x1b58          4      0x1c  cstartup_M.o [16]
      .text               ro code             0x1b74          4      0x22  fpinit_M.o [15]
      .text               ro code             0x1b96          2       0x2  startup_S32K144.o [8]
      .text               ro code             0x1b98          4      0x1e  cmain.o [16]
      .text               ro code             0x1bb6          2       0x4  low_level_init.o [14]
      .text               ro code             0x1bba          2      0x36  main.o [1]
      .text               ro code             0x1bf0          2       0x4  exit.o [14]
      .text               ro code             0x1bf4          4       0xa  cexit.o [16]
      .text               ro code             0x1bfe          2       0x2  startup_S32K144.o [8]
      .text               ro code             0x1c00          4      0x14  exit.o [17]
      .text               ro code             0x1c14          4      0x86  ABImemcpy.o [16]
      .text               ro code             0x1c9a          2      0x18  Os_Callout_Stubs.o [7]
      .text               ro code             0x1cb2          2       0xc  Os_Core.o [6]
      .text               ro code             0x1cbe          2       0x2  startup_S32K144.o [8]
      .text               ro code             0x1cc0          2       0x2  startup_S32K144.o [8]
      .text               ro code             0x1cc2          2       0x2  startup_S32K144.o [8]
      .text               ro code             0x1cc4          2       0x2  startup_S32K144.o [8]
      .text               ro code             0x1cc6          2       0x2  startup_S32K144.o [8]
      .text               ro code             0x1cc8          2       0x2  startup_S32K144.o [8]
      .text               ro code             0x1cca          2       0x4  startup_S32K144.o [8]
    Code_Default_LIMIT_SEC
                          uninit              0x1cce                  0x0  <internal module>
                                            - 0x1cce               0x1782

"PROGRAM_FLASH__OS_CODE":                                        0x1'50b8
  OS_CODE                                     0x1cd0          4  0x1'50b8  <Block>
    OS_CODE_START_SEC     uninit              0x1cd0                  0x0  <internal module>
    OS_CODE_BLOCK                             0x1cd0          8  0x1'50b8  <Block>
      .OS_CODE            ro code             0x1cd0          4     0x182  Os_AccessCheck.o [6]
      .OS_CODE            ro code             0x1e54          4     0x6ba  Os_Error.o [6]
      .OS_CODE            ro code             0x2510          4    0x1a68  Os_Task.o [6]
      .OS_CODE            ro code             0x3f78          4    0x16d2  Os_Isr.o [6]
      .OS_CODE            ro code             0x564c          4     0x834  Os_Thread.o [6]
      .OS_CODE            ro code             0x5e80          4    0x1384  Os_Application.o [6]
      .OS_CODE            ro code             0x7204          4    0x1022  Os_Core.o [6]
      .OS_CODE            ro code             0x8228          4    0x1258  Os_Hook.o [6]
      .OS_CODE            ro code             0x9480          4      0x84  Os_Hal_Core.o [6]
      .OS_CODE            ro code             0x9504          4     0x5c4  Os_XSignal.o [6]
      .OS_CODE            ro code             0x9ac8          4     0x350  Os_TimingProtection.o [6]
      .OS_CODE            ro code             0x9e18          4     0xb7e  Os_Interrupt.o [6]
      .OS_CODE            ro code             0xa998          4    0x1cd4  Os_Trap.o [6]
      .OS_CODE            ro code             0xc66c          4    0x113a  Os_Spinlock.o [6]
      .OS_CODE            ro code             0xd7a8          4    0x11b8  Os_Resource.o [6]
      .OS_CODE            ro code             0xe960          4     0xd1c  Os_ServiceFunction.o [6]
      .OS_CODE            ro code             0xf67c          4     0x176  Os_Hal_Context_v7m.o [6]
      .OS_CODE            ro code             0xf7f4          4     0x72c  Os_Scheduler.o [6]
      .OS_CODE            ro code             0xff20          4    0x12cc  Os_Counter.o [6]
      .OS_CODE            ro code           0x1'11ec          4     0x984  Os_Alarm.o [6]
      .OS_CODE            ro code           0x1'1b70          4     0xfca  Os_ScheduleTable.o [6]
      .OS_CODE            ro code           0x1'2b3c          4    0x1748  Os_Ioc.o [6]
      .OS_CODE            ro code           0x1'4284          4     0x856  Os_Stack.o [6]
      .OS_CODE            ro code           0x1'4adc          4     0x36c  Os_Barrier.o [6]
      .OS_CODE            ro code           0x1'4e48          4    0x1320  Os_Event.o [6]
      .OS_CODE            ro code           0x1'6168          4     0x2b4  Os_Peripheral.o [6]
      .OS_CODE            ro code           0x1'641c          4      0x12  Os_Hal_Compiler_Iar.o [6]
      .OS_CODE            ro code           0x1'6430          4     0x1d8  Os_Hal_ContextAsm.o [6]
      .OS_CODE            ro code           0x1'6608          2     0x282  Os_PriorityQueue.o [6]
      .OS_CODE            ro code           0x1'688c          4     0x390  Os_Timer.o [6]
      .OS_CODE            ro code           0x1'6c1c          4       0x0  Os_Hal_EntryAsm_Lcfg.o [5]
      .OS_CODE            ro code           0x1'6c1c          4     0x16c  Os_MemoryProtection.o [6]
    OS_CODE_LIMIT_SEC     uninit            0x1'6d88                  0x0  <internal module>
                                          - 0x1'6d88             0x1'50b8

"PROGRAM_FLASH__OS_CONST":                                          0x620
  OS_CONST                                  0x1'6d88          4     0x620  <Block>
    OS_CONST_START_SEC    uninit            0x1'6d88                  0x0  <internal module>
    OS_CONST_BLOCK                          0x1'6d88          8      0xcd  <Block>
      .OS_CONST           const             0x1'6d88          4       0x8  Os_AccessCheck_Lcfg.o [5]
      .OS_CONST           const             0x1'6d90          4       0x8  Os_Alarm_Lcfg.o [5]
      .OS_CONST           const             0x1'6d98          4       0x8  Os_Application_Lcfg.o [5]
      .OS_CONST           const             0x1'6da0          4       0x4  Os_Barrier_Lcfg.o [5]
      .OS_CONST           const             0x1'6da4          4       0x4  Os_Core_Lcfg.o [5]
      .OS_CONST           const             0x1'6da8          4       0x8  Os_Core_Lcfg.o [5]
      .OS_CONST           const             0x1'6db0          4      0x28  Os_Core_Lcfg.o [5]
      .OS_CONST           const             0x1'6dd8          4       0x8  Os_Counter_Lcfg.o [5]
      .OS_CONST           const             0x1'6de0          4       0x8  Os_Error_Lcfg.o [5]
      .OS_CONST           const             0x1'6de8          4       0x8  Os_Error_Lcfg.o [5]
      .OS_CONST           const             0x1'6df0          4       0x8  Os_Hal_Context_Lcfg.o [5]
      .OS_CONST           const             0x1'6df8          4       0x4  Os_Hal_Core_Lcfg.o [5]
      .OS_CONST           const             0x1'6dfc          4       0x4  Os_Hal_Core_Lcfg.o [5]
      .OS_CONST           const             0x1'6e00          4       0x4  Os_Hal_Core_Lcfg.o [5]
      .OS_CONST           const             0x1'6e04          4       0x8  Os_Hal_Kernel_Lcfg.o [5]
      .OS_CONST           const             0x1'6e0c          4       0x8  Os_Hal_Kernel_Lcfg.o [5]
      .OS_CONST           const             0x1'6e14          4       0x8  Os_Hal_Kernel_Lcfg.o [5]
      .OS_CONST           const             0x1'6e1c          4       0x8  Os_Isr_Lcfg.o [5]
      .OS_CONST           const             0x1'6e24          4       0x4  Os_Peripheral_Lcfg.o [5]
      .OS_CONST           const             0x1'6e28          4       0x8  Os_Resource_Lcfg.o [5]
      .OS_CONST           const             0x1'6e30          4       0x4  Os_ScheduleTable_Lcfg.o [5]
      .OS_CONST           const             0x1'6e34          4       0x4  Os_ServiceFunction_Lcfg.o [5]
      .OS_CONST           const             0x1'6e38          4       0x4  Os_ServiceFunction_Lcfg.o [5]
      .OS_CONST           const             0x1'6e3c          4       0x4  Os_ServiceFunction_Lcfg.o [5]
      .OS_CONST           const             0x1'6e40          4       0x4  Os_Spinlock_Lcfg.o [5]
      .OS_CONST           const             0x1'6e44          4      0x10  Os_Task_Lcfg.o [5]
      .OS_CONST           const             0x1'6e54                  0x1  Os_XSignal_Lcfg.o [5]
    OS_CORE0_CONST_BLOCK                    0x1'6e58          8     0x550  <Block>
      .OS_CORE0_CONST     const             0x1'6e58          8      0x30  Os_Alarm_Lcfg.o [5]
      .OS_CORE0_CONST     const             0x1'6e88          4       0x8  Os_Application_Lcfg.o [5]
      .OS_CORE0_CONST     const             0x1'6e90          4       0x8  Os_Application_Lcfg.o [5]
      .OS_CORE0_CONST     const             0x1'6e98          4       0x4  Os_Application_Lcfg.o [5]
      .OS_CORE0_CONST     const             0x1'6e9c          4       0x8  Os_Application_Lcfg.o [5]
      .OS_CORE0_CONST     const             0x1'6ea4          4       0x4  Os_Application_Lcfg.o [5]
      .OS_CORE0_CONST     const             0x1'6ea8          4       0x4  Os_Application_Lcfg.o [5]
      .OS_CORE0_CONST     const             0x1'6eac          4      0x10  Os_Application_Lcfg.o [5]
      .OS_CORE0_CONST     const             0x1'6ebc          4       0x4  Os_Application_Lcfg.o [5]
      .OS_CORE0_CONST     const             0x1'6ec0          4      0x60  Os_Application_Lcfg.o [5]
      .OS_CORE0_CONST     const             0x1'6f20          4      0x14  Os_Barrier_Lcfg.o [5]
      .OS_CORE0_CONST     const             0x1'6f34          4       0xc  Os_Core_Lcfg.o [5]
      .OS_CORE0_CONST     const             0x1'6f40          4       0x4  Os_Core_Lcfg.o [5]
      .OS_CORE0_CONST     const             0x1'6f44          4       0x4  Os_Core_Lcfg.o [5]
      .OS_CORE0_CONST     const             0x1'6f48          4       0x4  Os_Core_Lcfg.o [5]
      .OS_CORE0_CONST     const             0x1'6f4c          4       0x8  Os_Core_Lcfg.o [5]
      .OS_CORE0_CONST     const             0x1'6f54          4      0x20  Os_Core_Lcfg.o [5]
      .OS_CORE0_CONST     const             0x1'6f74          4      0x98  Os_Core_Lcfg.o [5]
      .OS_CORE0_CONST     const             0x1'700c          4      0x38  Os_Counter_Lcfg.o [5]
      .OS_CORE0_CONST     const             0x1'7044          4      0x1c  Os_Hal_Context_Lcfg.o [5]
      .OS_CORE0_CONST     const             0x1'7060          4      0x1c  Os_Hal_Context_Lcfg.o [5]
      .OS_CORE0_CONST     const             0x1'707c          4      0x1c  Os_Hal_Context_Lcfg.o [5]
      .OS_CORE0_CONST     const             0x1'7098          4      0x1c  Os_Hal_Context_Lcfg.o [5]
      .OS_CORE0_CONST     const             0x1'70b4          4      0x1c  Os_Hal_Context_Lcfg.o [5]
      .OS_CORE0_CONST     const             0x1'70d0          4      0x1c  Os_Hal_Context_Lcfg.o [5]
      .OS_CORE0_CONST     const             0x1'70ec          4       0xc  Os_Hal_Context_Lcfg.o [5]
[...]
PORTA_IRQHandler             0x1ccb         Code  Wk  startup_S32K144.o [8]
PORTB_IRQHandler             0x1ccb         Code  Wk  startup_S32K144.o [8]
PORTC_IRQHandler             0x1ccb         Code  Wk  startup_S32K144.o [8]
PORTD_IRQHandler             0x1ccb         Code  Wk  startup_S32K144.o [8]
PORTE_IRQHandler             0x1ccb         Code  Wk  startup_S32K144.o [8]
PendSV_Handler               0x1cc7         Code  Wk  startup_S32K144.o [8]
PortConfigSet              0x1'7790   0x18  Data  Gb  Port_PBcfg.o [10]
Port_Init                    0x12a1   0x22  Code  Gb  Port.o [11]
Port_Port_Ci_Init            0x1601   0x9e  Code  Gb  Port_Port_Ci.o [11]
Port_Port_Ci_Init_ConfiguredPins
                             0x14c3  0x13e  Code  Lc  Port_Port_Ci.o [11]
Port_Port_Ci_Init_UnusedPins
                             0x1399  0x12a  Code  Lc  Port_Port_Ci.o [11]
Port_Port_Ci_au16GpioDirChangeability
                        0x1fff'a8d8   0x14  Data  Lc  Port_Port_Ci.o [11]
Port_UnUsedPin             0x1'7708    0x8  Data  Lc  Port_PBcfg.o [10]
Port_aPinConfigDefault     0x1'7710   0x80  Data  Lc  Port_PBcfg.o [10]
Port_au16NoUnUsedPadsArrayDefault
                           0x1'7664   0xa4  Data  Lc  Port_PBcfg.o [10]
Port_pConfig            0x1fff'a8d4    0x4  Data  Gb  Port.o [11]
RCM_IRQHandler               0x1ccb         Code  Wk  startup_S32K144.o [8]
RCM_ResetConfigPB0         0x1'75f0    0x8  Data  Lc  Mcu_PBcfg.o [10]
RTC_IRQHandler               0x1ccb         Code  Wk  startup_S32K144.o [8]
RTC_Seconds_IRQHandler       0x1ccb         Code  Wk  startup_S32K144.o [8]
Read_Collision_IRQHandler
                             0x1ccb         Code  Wk  startup_S32K144.o [8]
Region$$Table$$Base             0x0          --   Gb  - Linker created -
Region$$Table$$Limit            0x0          --   Gb  - Linker created -
Request_ESH_PostRunRequest_0_requestedMode
                        0x1fff'a8f5    0x1  Data  Lc  BswM_Lcfg.o [5]
Request_ESH_PostRunRequest_1_requestedMode
                        0x1fff'a8f6    0x1  Data  Lc  BswM_Lcfg.o [5]
Request_ESH_RunRequest_0_requestedMode
                        0x1fff'a8f3    0x1  Data  Lc  BswM_Lcfg.o [5]
Request_ESH_RunRequest_1_requestedMode
                        0x1fff'a8f4    0x1  Data  Lc  BswM_Lcfg.o [5]
Reserved100_IRQHandler       0x1ccb         Code  Wk  startup_S32K144.o [8]
Reserved103_IRQHandler       0x1ccb         Code  Wk  startup_S32K144.o [8]
Reserved105_IRQHandler       0x1ccb         Code  Wk  startup_S32K144.o [8]
Reserved106_IRQHandler       0x1ccb         Code  Wk  startup_S32K144.o [8]
Reserved107_IRQHandler       0x1ccb         Code  Wk  startup_S32K144.o [8]
Reserved110_IRQHandler       0x1ccb         Code  Wk  startup_S32K144.o [8]
Reserved112_IRQHandler       0x1ccb         Code  Wk  startup_S32K144.o [8]
Reserved113_IRQHandler       0x1ccb         Code  Wk  startup_S32K144.o [8]
Reserved114_IRQHandler       0x1ccb         Code  Wk  startup_S32K144.o [8]
Reserved45_IRQHandler        0x1ccb         Code  Wk  startup_S32K144.o [8]
Reserved46_IRQHandler        0x1ccb         Code  Wk  startup_S32K144.o [8]
Reserved48_IRQHandler        0x1ccb         Code  Wk  startup_S32K144.o [8]
Reserved50_IRQHandler        0x1ccb         Code  Wk  startup_S32K144.o [8]
Reserved52_IRQHandler        0x1ccb         Code  Wk  startup_S32K144.o [8]
Reserved53_IRQHandler        0x1ccb         Code  Wk  startup_S32K144.o [8]
Reserved54_IRQHandler        0x1ccb         Code  Wk  startup_S32K144.o [8]
Reserved58_IRQHandler        0x1ccb         Code  Wk  startup_S32K144.o [8]
Reserved59_IRQHandler        0x1ccb         Code  Wk  startup_S32K144.o [8]
Reserved69_IRQHandler        0x1ccb         Code  Wk  startup_S32K144.o [8]
Reserved70_IRQHandler        0x1ccb         Code  Wk  startup_S32K144.o [8]
Reserved71_IRQHandler        0x1ccb         Code  Wk  startup_S32K144.o [8]
Reserved72_IRQHandler        0x1ccb         Code  Wk  startup_S32K144.o [8]
Reserved81_IRQHandler        0x1ccb         Code  Wk  startup_S32K144.o [8]
Reserved82_IRQHandler        0x1ccb         Code  Wk  startup_S32K144.o [8]
Reserved83_IRQHandler        0x1ccb         Code  Wk  startup_S32K144.o [8]
Reserved86_IRQHandler        0x1ccb         Code  Wk  startup_S32K144.o [8]
Reserved87_IRQHandler        0x1ccb         Code  Wk  startup_S32K144.o [8]
Reserved88_IRQHandler        0x1ccb         Code  Wk  startup_S32K144.o [8]
Reserved89_IRQHandler        0x1ccb         Code  Wk  startup_S32K144.o [8]
Reserved90_IRQHandler        0x1ccb         Code  Wk  startup_S32K144.o [8]
Reserved91_IRQHandler        0x1ccb         Code  Wk  startup_S32K144.o [8]
Reserved92_IRQHandler        0x1ccb         Code  Wk  startup_S32K144.o [8]
Reserved93_IRQHandler        0x1ccb         Code  Wk  startup_S32K144.o [8]
Reserved99_IRQHandler        0x1ccb         Code  Wk  startup_S32K144.o [8]
Reset_Handler                0x1ad1         Code  Wk  startup_S32K144.o [8]
ResumeAllInterrupts          0xbb3f   0x2e  Code  Gb  Os_Trap.o [6]
ResumeOSInterrupts           0xbb9b   0x2e  Code  Gb  Os_Trap.o [6]
Rte_AckFlags            0x1fff'a8ec    0x4  Data  Gb  Rte.o [5]
Rte_InitMemory                0xdb1    0x2  Code  Gb  Rte.o [5]
Rte_MemClr                    0xd61   0x10  Code  Gb  Rte.o [5]
Rte_ModeMachine_BswM_Switch_ESH_ModeSwitch_BswM_MDGP_ESH_Mode
                        0x1fff'a905    0x1  Data  Gb  Rte.o [5]
Rte_Mode_BswM_Notification_ESH_ModeNotification_BswM_MDGP_ESH_Mode
                              0xe0b    0x8  Code  Gb  Rte.o [5]
Rte_Read_BswM_Request_ESH_PostRunRequest_0_requestedMode
                              0xdb3    0x8  Code  Gb  Rte.o [5]
Rte_Read_BswM_Request_ESH_PostRunRequest_1_requestedMode
                              0xdbb    0x8  Code  Gb  Rte.o [5]
Rte_Read_BswM_Request_ESH_RunRequest_0_requestedMode
                              0xdc3    0x8  Code  Gb  Rte.o [5]
Rte_Read_BswM_Request_ESH_RunRequest_1_requestedMode
                              0xdcb    0x8  Code  Gb  Rte.o [5]
Rte_Start                     0xd85   0x22  Code  Gb  Rte.o [5]
Rte_Switch_BswM_Switch_ESH_ModeSwitch_BswM_MDGP_ESH_Mode
                              0xdd3   0x38  Code  Gb  Rte.o [5]
SCG_ClockConfigPB0_0       0x1'74b4   0x20  Data  Lc  Mcu_PBcfg.o [10]
SCG_IRQHandler               0x1ccb         Code  Wk  startup_S32K144.o [8]
SIM_ClockConfigPB0_0       0x1'7448    0xc  Data  Lc  Mcu_PBcfg.o [10]
SIM_ConfigPB0              0x1'75f8   0x1c  Data  Lc  Mcu_PBcfg.o [10]
SIRC_ClockConfigPB0_0      0x1'746c   0x18  Data  Lc  Mcu_PBcfg.o [10]
SMC_ConfigPB0              0x1'7618    0x4  Data  Lc  Mcu_PBcfg.o [10]
SOSC_ClockConfigPB0_0      0x1'7454   0x18  Data  Lc  Mcu_PBcfg.o [10]
SPLL_ClockConfigPB0_0      0x1'749c   0x18  Data  Lc  Mcu_PBcfg.o [10]
SVC_Handler                  0x1cc3         Code  Wk  startup_S32K144.o [8]
SWI_IRQHandler               0x1ccb         Code  Wk  startup_S32K144.o [8]
SchM_Deinit                   0xda7    0xa  Code  Gb  Rte.o [5]
SchM_Init                     0xd71   0x14  Code  Gb  Rte.o [5]
SetRelAlarm                  0xbdab   0x5e  Code  Gb  Os_Trap.o [6]
ShutdownOS                   0xbad9   0x38  Code  Gb  Os_Trap.o [6]
StartOS                      0xbacf    0xa  Code  Gb  Os_Trap.o [6]
Startup_Code$$Base            0x54c          --   Gb  - Linker created -
Startup_Code$$Limit           0x54c          --   Gb  - Linker created -
Startup_Stack$$Base     0x1fff'9c00          --   Gb  - Linker created -
Startup_Stack$$Limit    0x1fff'a400          --   Gb  - Linker created -
SuspendAllInterrupts         0xbb11   0x2e  Code  Gb  Os_Trap.o [6]
SuspendOSInterrupts          0xbb6d   0x2e  Code  Gb  Os_Trap.o [6]
SysTick_Handler              0x1cc9         Code  Wk  startup_S32K144.o [8]
SystemInit                   0x1b11   0x2e  Code  Gb  system_S32K144.o [8]
TerminateTask                0xbc6b   0x3c  Code  Gb  Os_Trap.o [6]
UsageFault_Handler           0x1cc1         Code  Wk  startup_S32K144.o [8]
WDOG_EWM_IRQHandler          0x1ccb         Code  Wk  startup_S32K144.o [8]
WaitEvent                    0xbd5f   0x4c  Code  Gb  Os_Trap.o [6]
_Code_Default_LIMIT          0x1cce         Data  Gb  <internal module>
_Code_Default_START           0x54c         Data  Gb  <internal module>
_Const_Default_LIMIT       0x1'7bb4         Data  Gb  <internal module>
_Const_Default_START       0x1'73a8         Data  Gb  <internal module>
_Data_Default_INIT_LIMIT
                        0x1fff'a90c         Data  Gb  <internal module>
_Data_Default_INIT_START
                        0x1fff'a90c         Data  Gb  <internal module>
_Data_Default_LIMIT     0x1fff'a90c         Data  Gb  <internal module>
_Data_Default_START     0x1fff'a8a4         Data  Gb  <internal module>
_Data_Default_VAR_ALL_LIMIT
                        0x1fff'a90c         Data  Gb  <internal module>
_Data_Default_VAR_ALL_START
                        0x1fff'a8a4         Data  Gb  <internal module>
_Heap_Default_LIMIT     0x1fff'a90c         Data  Gb  <internal module>
_Heap_Default_START     0x1fff'a90c         Data  Gb  <internal module>
_Heap_Default_VAR_ALL_LIMIT
                        0x1fff'a90c         Data  Gb  <internal module>
_Heap_Default_VAR_ALL_START
                        0x1fff'a90c         Data  Gb  <internal module>
_OS_CODE_LIMIT             0x1'6d88         Data  Gb  <internal module>
_OS_CODE_START               0x1cd0         Data  Gb  <internal module>
_OS_CONST_LIMIT            0x1'73a8         Data  Gb  <internal module>
_OS_CONST_START            0x1'6d88         Data  Gb  <internal module>
_OS_DATA_CORE0_NOINIT_LIMIT
                        0x1fff'a881         Data  Gb  <internal module>
_OS_DATA_CORE0_NOINIT_START
                        0x1fff'a400         Data  Gb  <internal module>
_OS_DATA_CORE0_VAR_ALL_LIMIT
                        0x1fff'a881         Data  Gb  <internal module>
_OS_DATA_CORE0_VAR_ALL_START
                        0x1fff'a400         Data  Gb  <internal module>
_OS_DATA_SHARED_INIT_LIMIT
                        0x1fff'a8a4         Data  Gb  <internal module>
_OS_DATA_SHARED_INIT_START
                        0x1fff'a8a4         Data  Gb  <internal module>
_OS_DATA_SHARED_NOINIT_LIMIT
                        0x1fff'a8a4         Data  Gb  <internal module>
_OS_DATA_SHARED_NOINIT_START
                        0x1fff'a884         Data  Gb  <internal module>
_OS_DATA_SHARED_VAR_ALL_LIMIT
                        0x1fff'a8a4         Data  Gb  <internal module>
_OS_DATA_SHARED_VAR_ALL_START
                        0x1fff'a884         Data  Gb  <internal module>
_OS_DATA_SHARED_ZERO_INIT_LIMIT
                        0x1fff'a8a4         Data  Gb  <internal module>
_OS_DATA_SHARED_ZERO_INIT_START
                        0x1fff'a8a4         Data  Gb  <internal module>
_OS_EXCVEC_CORE0_CODE_LIMIT
                              0x500         Data  Gb  <internal module>
_OS_EXCVEC_CORE0_CODE_START
                              0x500         Data  Gb  <internal module>
_OS_EXCVEC_CORE0_CONST_LIMIT
                                0x0         Data  Gb  <internal module>
_OS_EXCVEC_CORE0_CONST_START
                                0x0         Data  Gb  <internal module>
_OS_INTVEC_CODE_LIMIT         0x500         Data  Gb  <internal module>
_OS_INTVEC_CODE_START         0x500         Data  Gb  <internal module>
_OS_INTVEC_CORE0_CODE_LIMIT
                              0x54c         Data  Gb  <internal module>
_OS_INTVEC_CORE0_CODE_START
                              0x500         Data  Gb  <internal module>
_OS_INTVEC_CORE0_CONST_LIMIT
                              0x3c0         Data  Gb  <internal module>
_OS_INTVEC_CORE0_CONST_START
                                0x0         Data  Gb  <internal module>
_OS_STACKS_CORE0_NOINIT_LIMIT
                        0x1fff'9c00         Data  Gb  <internal module>
_OS_STACKS_CORE0_NOINIT_START
                        0x1fff'8000         Data  Gb  <internal module>
_OS_STACKS_CORE0_VAR_ALL_LIMIT
                        0x1fff'9c00         Data  Gb  <internal module>
_OS_STACKS_CORE0_VAR_ALL_START
                        0x1fff'8000         Data  Gb  <internal module>
_OS_SystemApplication_OsCore0_NOINIT_LIMIT
                        0x1fff'9c00         Data  Gb  <internal module>
_OS_SystemApplication_OsCore0_NOINIT_START
                        0x1fff'9c00         Data  Gb  <internal module>
_OS_SystemApplication_OsCore0_VAR_ALL_LIMIT
                        0x1fff'9c00         Data  Gb  <internal module>
_OS_SystemApplication_OsCore0_VAR_ALL_START
                        0x1fff'9c00         Data  Gb  <internal module>
_Startup_Code_LIMIT           0x54c         Data  Gb  <internal module>
_Startup_Code_START           0x54c         Data  Gb  <internal module>
_Startup_Stack_LIMIT    0x1fff'a400         Data  Gb  <internal module>
_Startup_Stack_START    0x1fff'9c00         Data  Gb  <internal module>
_Startup_Stack_VAR_ALL_LIMIT
                        0x1fff'a400         Data  Gb  <internal module>
_Startup_Stack_VAR_ALL_START
                        0x1fff'9c00         Data  Gb  <internal module>
__CODE_RAM$$Base                0x0          --   Gb  - Linker created -
__CODE_ROM$$Base                0x0          --   Gb  - Linker created -
__CODE_ROM$$Limit               0x0          --   Gb  - Linker created -
__Code_Default_LIMIT         0x1cce         Data  Gb  <internal module>
__Code_Default_START          0x54c         Data  Gb  <internal module>
__Const_Default_LIMIT      0x1'7bb4         Data  Gb  <internal module>
__Const_Default_START      0x1'73a8         Data  Gb  <internal module>
__Data_Default_INIT_LIMIT
                        0x1fff'a90c         Data  Gb  <internal module>
__Data_Default_INIT_START
                        0x1fff'a90c         Data  Gb  <internal module>
__Data_Default_LIMIT    0x1fff'a90c         Data  Gb  <internal module>
__Data_Default_START    0x1fff'a8a4         Data  Gb  <internal module>
__Heap_Default_LIMIT    0x1fff'a90c         Data  Gb  <internal module>
__Heap_Default_START    0x1fff'a90c         Data  Gb  <internal module>
__OS_CODE_LIMIT            0x1'6d88         Data  Gb  <internal module>
__OS_CODE_START              0x1cd0         Data  Gb  <internal module>
__OS_CONST_LIMIT           0x1'73a8         Data  Gb  <internal module>
__OS_CONST_START           0x1'6d88         Data  Gb  <internal module>
__OS_DATA_CORE0_NOINIT_LIMIT
                        0x1fff'a881         Data  Gb  <internal module>
__OS_DATA_CORE0_NOINIT_START
                        0x1fff'a400         Data  Gb  <internal module>
__OS_DATA_SHARED_INIT_LIMIT
                        0x1fff'a8a4         Data  Gb  <internal module>
__OS_DATA_SHARED_INIT_START
                        0x1fff'a8a4         Data  Gb  <internal module>
__OS_DATA_SHARED_NOINIT_LIMIT
                        0x1fff'a8a4         Data  Gb  <internal module>
__OS_DATA_SHARED_NOINIT_START
                        0x1fff'a884         Data  Gb  <internal module>
__OS_DATA_SHARED_ZERO_INIT_LIMIT
                        0x1fff'a8a4         Data  Gb  <internal module>
__OS_DATA_SHARED_ZERO_INIT_START
                        0x1fff'a8a4         Data  Gb  <internal module>
__OS_EXCVEC_CORE0_CODE_LIMIT
                              0x500         Data  Gb  <internal module>
__OS_EXCVEC_CORE0_CODE_START
                              0x500         Data  Gb  <internal module>
__OS_EXCVEC_CORE0_CONST_LIMIT
                                0x0         Data  Gb  <internal module>
__OS_EXCVEC_CORE0_CONST_START
                                0x0         Data  Gb  <internal module>
__OS_INTVEC_CODE_LIMIT        0x500         Data  Gb  <internal module>
__OS_INTVEC_CODE_START        0x500         Data  Gb  <internal module>
__OS_INTVEC_CORE0_CODE_LIMIT
                              0x54c         Data  Gb  <internal module>
__OS_INTVEC_CORE0_CODE_START
                              0x500         Data  Gb  <internal module>
__OS_INTVEC_CORE0_CONST_LIMIT
                              0x3c0         Data  Gb  <internal module>
__OS_INTVEC_CORE0_CONST_START
                                0x0         Data  Gb  <internal module>
__OS_STACKS_CORE0_NOINIT_LIMIT
                        0x1fff'9c00         Data  Gb  <internal module>
__OS_STACKS_CORE0_NOINIT_START
                        0x1fff'8000         Data  Gb  <internal module>
__OS_SystemApplication_OsCore0_NOINIT_LIMIT
                        0x1fff'9c00         Data  Gb  <internal module>
__OS_SystemApplication_OsCore0_NOINIT_START
                        0x1fff'9c00         Data  Gb  <internal module>
__RAM_VECTOR_TABLE_SIZE {Abs}
                              0x400          --   Gb  <internal module>
__Startup_Code_LIMIT          0x54c         Data  Gb  <internal module>
__Startup_Code_START          0x54c         Data  Gb  <internal module>
__Startup_Stack_LIMIT   0x1fff'a400         Data  Gb  <internal module>
__Startup_Stack_START   0x1fff'9c00         Data  Gb  <internal module>
__VECTOR_RAM {Abs}      0x1fff'8000          --   Gb  <internal module>
__VECTOR_TABLE {Abs}            0x0          --   Gb  <internal module>
__Vectors                  0x1'77b0          --   Gb  startup_S32K144.o [8]
__Vectors_End              0x1'7bb0         Data  Gb  startup_S32K144.o [8]
__Vectors_Size {Abs}          0x400          --   Gb  startup_S32K144.o [8]
__aeabi_memcpy4              0x1c15         Code  Gb  ABImemcpy.o [16]
__aeabi_memcpy8              0x1c15         Code  Gb  ABImemcpy.o [16]
__cmain                      0x1b99         Code  Gb  cmain.o [16]
__exit                       0x1c01   0x14  Code  Gb  exit.o [17]
__iar_init_vfp               0x1b75         Code  Gb  fpinit_M.o [15]
__iar_program_start          0x1b59         Code  Gb  cstartup_M.o [16]
__low_level_init             0x1bb7    0x4  Code  Gb  low_level_init.o [14]
__vector_table             0x1'77b0         Data  Gb  startup_S32K144.o [8]
__vector_table_0x1c        0x1'77cc         Data  Gb  startup_S32K144.o [8]
_call_main                   0x1ba5         Code  Gb  cmain.o [16]
_exit                        0x1bf5         Code  Gb  cexit.o [16]
detModuleInit           0x1fff'a8fd    0x1  Data  Lc  Det.o [3]
exit                         0x1bf1    0x4  Code  Gb  exit.o [14]
init_data_bss                0x19fd   0xd4  Code  Gb  startup.o [8]
main                         0x1bbb   0x12  Code  Gb  main.o [1]
s_vectors                  0x1'77a8    0x4  Data  Lc  startup.o [8]


[1] = G:\AutoProject144\S32k144_MinSystem\WorkSpace_IAR\Debug\Obj\App_6831006065544737260.dir
[2] = G:\AutoProject144\S32k144_MinSystem\WorkSpace_IAR\Debug\Obj\BswM_18054334792244351639.dir
[3] = G:\AutoProject144\S32k144_MinSystem\WorkSpace_IAR\Debug\Obj\Det_3101292625016283458.dir
[4] = G:\AutoProject144\S32k144_MinSystem\WorkSpace_IAR\Debug\Obj\EcuM_3846539786354632646.dir
[5] = G:\AutoProject144\S32k144_MinSystem\WorkSpace_IAR\Debug\Obj\GenData_9720050636963402634.dir
[6] = G:\AutoProject144\S32k144_MinSystem\WorkSpace_IAR\Debug\Obj\Os_4712867488041300409.dir
[7] = G:\AutoProject144\S32k144_MinSystem\WorkSpace_IAR\Debug\Obj\Source_7268905024081551510.dir
[8] = G:\AutoProject144\S32k144_MinSystem\WorkSpace_IAR\Debug\Obj\StartupCode_11030257575987687528.dir
[9] = G:\AutoProject144\S32k144_MinSystem\WorkSpace_IAR\Debug\Obj\VStdLib_16698129494685284518.dir
[10] = G:\AutoProject144\S32k144_MinSystem\WorkSpace_IAR\Debug\Obj\src_12387991202843669589.dir
[11] = G:\AutoProject144\S32k144_MinSystem\WorkSpace_IAR\Debug\Obj\src_17033410566162729289.dir
[12] = G:\AutoProject144\S32k144_MinSystem\WorkSpace_IAR\Debug\Obj\src_3743424485908772084.dir
[13] = G:\AutoProject144\S32k144_MinSystem\WorkSpace_IAR\Debug\Obj\src_4562483052554666771.dir
[14] = dl7M_tln.a
[15] = m7M_tls.a
[16] = rt7M_tl.a
[17] = shb_l.a

  93'330 bytes of readonly  code memory
   3'557 bytes of readonly  data memory
  10'513 bytes of readwrite data memory

Errors: none
Warnings: none
